Archive member included to satisfy reference by file (symbol)

/home/shem/.pico-sdk/toolchain/13_2_Rel1/bin/../lib/gcc/arm-none-eabi/13.2.1/thumb/v6-m/nofp/libgcc.a(_dvmd_tls.o)
                              CMakeFiles/blink.dir/home/shem/.pico-sdk/sdk/2.0.0/src/rp2_common/pico_divider/divider_hardware.S.obj (__aeabi_idiv0)
/home/shem/.pico-sdk/toolchain/13_2_Rel1/bin/../lib/gcc/arm-none-eabi/13.2.1/../../../../arm-none-eabi/lib/thumb/v6-m/nofp/libg.a(libc_a-strncmp.o)
                              CMakeFiles/blink.dir/home/shem/.pico-sdk/sdk/2.0.0/lib/cyw43-driver/src/cyw43_ll.c.obj (strncmp)
/home/shem/.pico-sdk/toolchain/13_2_Rel1/bin/../lib/gcc/arm-none-eabi/13.2.1/../../../../arm-none-eabi/lib/thumb/v6-m/nofp/libg.a(libc_a-lcltime_r.o)
                              CMakeFiles/blink.dir/home/shem/.pico-sdk/sdk/2.0.0/src/common/pico_util/datetime.c.obj (localtime_r)
/home/shem/.pico-sdk/toolchain/13_2_Rel1/bin/../lib/gcc/arm-none-eabi/13.2.1/../../../../arm-none-eabi/lib/thumb/v6-m/nofp/libg.a(libc_a-mktime.o)
                              CMakeFiles/blink.dir/home/shem/.pico-sdk/sdk/2.0.0/src/common/pico_util/datetime.c.obj (mktime)
/home/shem/.pico-sdk/toolchain/13_2_Rel1/bin/../lib/gcc/arm-none-eabi/13.2.1/../../../../arm-none-eabi/lib/thumb/v6-m/nofp/libg.a(libc_a-month_lengths.o)
                              /home/shem/.pico-sdk/toolchain/13_2_Rel1/bin/../lib/gcc/arm-none-eabi/13.2.1/../../../../arm-none-eabi/lib/thumb/v6-m/nofp/libg.a(libc_a-lcltime_r.o) (__month_lengths)
/home/shem/.pico-sdk/toolchain/13_2_Rel1/bin/../lib/gcc/arm-none-eabi/13.2.1/../../../../arm-none-eabi/lib/thumb/v6-m/nofp/libg.a(libc_a-tzcalc_limits.o)
                              /home/shem/.pico-sdk/toolchain/13_2_Rel1/bin/../lib/gcc/arm-none-eabi/13.2.1/../../../../arm-none-eabi/lib/thumb/v6-m/nofp/libg.a(libc_a-lcltime_r.o) (__tzcalc_limits)
/home/shem/.pico-sdk/toolchain/13_2_Rel1/bin/../lib/gcc/arm-none-eabi/13.2.1/../../../../arm-none-eabi/lib/thumb/v6-m/nofp/libg.a(libc_a-tzlock.o)
                              /home/shem/.pico-sdk/toolchain/13_2_Rel1/bin/../lib/gcc/arm-none-eabi/13.2.1/../../../../arm-none-eabi/lib/thumb/v6-m/nofp/libg.a(libc_a-lcltime_r.o) (__tz_lock)
/home/shem/.pico-sdk/toolchain/13_2_Rel1/bin/../lib/gcc/arm-none-eabi/13.2.1/../../../../arm-none-eabi/lib/thumb/v6-m/nofp/libg.a(libc_a-malloc.o)
                              CMakeFiles/blink.dir/home/shem/.pico-sdk/sdk/2.0.0/src/rp2_common/pico_malloc/malloc.c.obj (malloc)
/home/shem/.pico-sdk/toolchain/13_2_Rel1/bin/../lib/gcc/arm-none-eabi/13.2.1/../../../../arm-none-eabi/lib/thumb/v6-m/nofp/libg.a(libc_a-mallocr.o)
                              /home/shem/.pico-sdk/toolchain/13_2_Rel1/bin/../lib/gcc/arm-none-eabi/13.2.1/../../../../arm-none-eabi/lib/thumb/v6-m/nofp/libg.a(libc_a-malloc.o) (_malloc_r)
/home/shem/.pico-sdk/toolchain/13_2_Rel1/bin/../lib/gcc/arm-none-eabi/13.2.1/../../../../arm-none-eabi/lib/thumb/v6-m/nofp/libg.a(libc_a-memcmp.o)
                              CMakeFiles/blink.dir/home/shem/.pico-sdk/sdk/2.0.0/src/rp2_common/pico_atomic/atomic.c.obj (memcmp)
/home/shem/.pico-sdk/toolchain/13_2_Rel1/bin/../lib/gcc/arm-none-eabi/13.2.1/../../../../arm-none-eabi/lib/thumb/v6-m/nofp/libg.a(libc_a-memmove.o)
                              CMakeFiles/blink.dir/home/shem/.pico-sdk/sdk/2.0.0/lib/cyw43-driver/src/cyw43_ll.c.obj (memmove)
/home/shem/.pico-sdk/toolchain/13_2_Rel1/bin/../lib/gcc/arm-none-eabi/13.2.1/../../../../arm-none-eabi/lib/thumb/v6-m/nofp/libg.a(libc_a-tzset.o)
                              /home/shem/.pico-sdk/toolchain/13_2_Rel1/bin/../lib/gcc/arm-none-eabi/13.2.1/../../../../arm-none-eabi/lib/thumb/v6-m/nofp/libg.a(libc_a-lcltime_r.o) (_tzset_unlocked)
/home/shem/.pico-sdk/toolchain/13_2_Rel1/bin/../lib/gcc/arm-none-eabi/13.2.1/../../../../arm-none-eabi/lib/thumb/v6-m/nofp/libg.a(libc_a-tzset_r.o)
                              /home/shem/.pico-sdk/toolchain/13_2_Rel1/bin/../lib/gcc/arm-none-eabi/13.2.1/../../../../arm-none-eabi/lib/thumb/v6-m/nofp/libg.a(libc_a-tzset.o) (_tzset_unlocked_r)
/home/shem/.pico-sdk/toolchain/13_2_Rel1/bin/../lib/gcc/arm-none-eabi/13.2.1/../../../../arm-none-eabi/lib/thumb/v6-m/nofp/libg.a(libc_a-init.o)
                              /home/shem/.pico-sdk/toolchain/13_2_Rel1/bin/../lib/gcc/arm-none-eabi/13.2.1/../../../../arm-none-eabi/lib/thumb/v6-m/nofp/crt0.o (__libc_init_array)
/home/shem/.pico-sdk/toolchain/13_2_Rel1/bin/../lib/gcc/arm-none-eabi/13.2.1/../../../../arm-none-eabi/lib/thumb/v6-m/nofp/libg.a(libc_a-tzvars.o)
                              /home/shem/.pico-sdk/toolchain/13_2_Rel1/bin/../lib/gcc/arm-none-eabi/13.2.1/../../../../arm-none-eabi/lib/thumb/v6-m/nofp/libg.a(libc_a-tzset_r.o) (_timezone)
/home/shem/.pico-sdk/toolchain/13_2_Rel1/bin/../lib/gcc/arm-none-eabi/13.2.1/../../../../arm-none-eabi/lib/thumb/v6-m/nofp/libg.a(libc_a-lock.o)
[...]
Memory Configuration

Name             Origin             Length             Attributes
FLASH            0x10000000         0x00200000         xr
RAM              0x20000000         0x00040000         xrw
SCRATCH_X        0x20040000         0x00001000         xrw
SCRATCH_Y        0x20041000         0x00001000         xrw
*default*        0x00000000         0xffffffff

Linker script and memory map

LOAD /home/shem/.pico-sdk/toolchain/13_2_Rel1/bin/../lib/gcc/arm-none-eabi/13.2.1/thumb/v6-m/nofp/crti.o
LOAD /home/shem/.pico-sdk/toolchain/13_2_Rel1/bin/../lib/gcc/arm-none-eabi/13.2.1/thumb/v6-m/nofp/crtbegin.o
LOAD /home/shem/.pico-sdk/toolchain/13_2_Rel1/bin/../lib/gcc/arm-none-eabi/13.2.1/../../../../arm-none-eabi/lib/thumb/v6-m/nofp/crt0.o

.flash_begin    0x10000000        0x0
                0x10000000                        __flash_binary_start = .

.boot2          0x10000000      0x100
                0x10000000                        __boot2_start__ = .
 *(.boot2)
 .boot2         0x10000000      0x100 /tmp/ccObKkCj.o
                0x10000100                        __boot2_end__ = .
                0x00000001                        ASSERT (((__boot2_end__ - __boot2_start__) == 0x100), ERROR: Pico second stage bootloader must be 256 bytes in size)

.text           0x10000100     0x7adc
                0x10000100                        __logical_binary_start = .
 *(.vectors)
 .vectors       0x10000100       0xd4 CMakeFiles/blink.dir/home/shem/.pico-sdk/sdk/2.0.0/src/rp2_common/pico_crt0/crt0.S.obj
                0x10000100                __vectors
                0x10000100                __VECTOR_TABLE
                0x100001c0                isr_invalid
                0x100001c0                __default_isrs_start
                0x100001c2                isr_nmi
                0x100001c4                isr_hardfault
                0x100001c6                isr_svcall
                0x100001c8                isr_pendsv
                0x100001ca                isr_systick
                0x100001cc                isr_irq30
                0x100001cc                __unhandled_user_irq
                0x100001cc                isr_irq13
                0x100001cc                isr_irq27
                0x100001cc                isr_irq31
                0x100001cc                isr_irq5
                0x100001cc                isr_irq11
                0x100001cc                isr_irq23
                0x100001cc                isr_irq18
                0x100001cc                isr_irq28
                0x100001cc                isr_irq19
                0x100001cc                isr_irq0
                0x100001cc                isr_irq6
                0x100001cc                isr_irq22
                0x100001cc                isr_irq17
                0x100001cc                isr_irq14
                0x100001cc                isr_irq2
                0x100001cc                isr_irq10
                0x100001cc                isr_irq8
                0x100001cc                isr_irq24
                0x100001cc                isr_irq1
                0x100001cc                isr_irq7
                0x100001cc                isr_irq21
                0x100001cc                isr_irq20
                0x100001cc                isr_irq15
                0x100001cc                isr_irq25
                0x100001cc                isr_irq4
                0x100001cc                isr_irq16
                0x100001cc                isr_irq29
                0x100001cc                isr_irq26
                0x100001cc                __default_isrs_end
                0x100001cc                isr_irq3
                0x100001cc                isr_irq12
                0x100001cc                isr_irq9
                0x100001d2                unhandled_user_irq_num_in_r0
 *(.binary_info_header)
 .binary_info_header
                0x100001d4       0x14 CMakeFiles/blink.dir/home/shem/.pico-sdk/sdk/2.0.0/src/rp2_common/pico_crt0/crt0.S.obj
                0x100001e8                        __binary_info_header_end = .
 *(.embedded_block)
                0x100001e8                        __embedded_block_end = .
 *(.reset)
 .reset         0x100001e8       0x9c CMakeFiles/blink.dir/home/shem/.pico-sdk/sdk/2.0.0/src/rp2_common/pico_crt0/crt0.S.obj
                0x100001e8                _entry_point
 *(.init)
 .init          0x10000284        0x4 /home/shem/.pico-sdk/toolchain/13_2_Rel1/bin/../lib/gcc/arm-none-eabi/13.2.1/thumb/v6-m/nofp/crti.o
                0x10000284                _init
 *(EXCLUDE_FILE(*libm.a: *libc.a:*lib_a-mem*.o *libgcc.a:) .text*)
 .text.register_tm_clones
                0x10000288       0x28 /home/shem/.pico-sdk/toolchain/13_2_Rel1/bin/../lib/gcc/arm-none-eabi/13.2.1/thumb/v6-m/nofp/crtbegin.o
 .text.frame_dummy
                0x100002b0       0x24 /home/shem/.pico-sdk/toolchain/13_2_Rel1/bin/../lib/gcc/arm-none-eabi/13.2.1/thumb/v6-m/nofp/crtbegin.o
 .text.startup.main
                0x100002d4       0x30 CMakeFiles/blink.dir/blink.c.obj
                0x100002d4                main
 .text.gpio_set_function
                0x10000304       0x34 CMakeFiles/blink.dir/home/shem/.pico-sdk/sdk/2.0.0/src/rp2_common/hardware_gpio/gpio.c.obj
                0x10000304                gpio_set_function
 .text.gpio_set_pulls
                0x10000338       0x28 CMakeFiles/blink.dir/home/shem/.pico-sdk/sdk/2.0.0/src/rp2_common/hardware_gpio/gpio.c.obj
                0x10000338                gpio_set_pulls
 .text.gpio_set_input_hysteresis_enabled
                0x10000360       0x28 CMakeFiles/blink.dir/home/shem/.pico-sdk/sdk/2.0.0/src/rp2_common/hardware_gpio/gpio.c.obj
                0x10000360                gpio_set_input_hysteresis_enabled
 .text.gpio_set_irq_enabled
                0x10000388       0x58 CMakeFiles/blink.dir/home/shem/.pico-sdk/sdk/2.0.0/src/rp2_common/hardware_gpio/gpio.c.obj
                0x10000388                gpio_set_irq_enabled
 .text.gpio_add_raw_irq_handler_with_order_priority_masked
                0x100003e0       0x44 CMakeFiles/blink.dir/home/shem/.pico-sdk/sdk/2.0.0/src/rp2_common/hardware_gpio/gpio.c.obj
                0x100003e0                gpio_add_raw_irq_handler_with_order_priority_masked
 .text.gpio_remove_raw_irq_handler_masked
                0x10000424       0x20 CMakeFiles/blink.dir/home/shem/.pico-sdk/sdk/2.0.0/src/rp2_common/hardware_gpio/gpio.c.obj
                0x10000424                gpio_remove_raw_irq_handler_masked
 .text.gpio_init
                0x10000444       0x40 CMakeFiles/blink.dir/home/shem/.pico-sdk/sdk/2.0.0/src/rp2_common/hardware_gpio/gpio.c.obj
                0x10000444                gpio_init
 .text.panic    0x10000484       0x30 CMakeFiles/blink.dir/home/shem/.pico-sdk/sdk/2.0.0/src/rp2_common/pico_platform_panic/panic.c.obj
                0x10000484                panic
 .text.hw_claim_lock
                0x100004b4       0x18 CMakeFiles/blink.dir/home/shem/.pico-sdk/sdk/2.0.0/src/common/hardware_claim/claim.c.obj
                0x100004b4                hw_claim_lock
 .text.hw_claim_unlock
                0x100004cc       0x14 CMakeFiles/blink.dir/home/shem/.pico-sdk/sdk/2.0.0/src/common/hardware_claim/claim.c.obj
                0x100004cc                hw_claim_unlock
 .text.hw_claim_or_assert
                0x100004e0       0x44 CMakeFiles/blink.dir/home/shem/.pico-sdk/sdk/2.0.0/src/common/hardware_claim/claim.c.obj
                0x100004e0                hw_claim_or_assert
 .text.hw_claim_unused_from_range
                0x10000524       0x9c CMakeFiles/blink.dir/home/shem/.pico-sdk/sdk/2.0.0/src/common/hardware_claim/claim.c.obj
                0x10000524                hw_claim_unused_from_range
 .text.hw_claim_clear
                0x100005c0       0x38 CMakeFiles/blink.dir/home/shem/.pico-sdk/sdk/2.0.0/src/common/hardware_claim/claim.c.obj
                0x100005c0                hw_claim_clear
 .text.next_striped_spin_lock_num
                0x100005f8       0x18 CMakeFiles/blink.dir/home/shem/.pico-sdk/sdk/2.0.0/src/rp2_common/hardware_sync/sync.c.obj
                0x100005f8                next_striped_spin_lock_num
 .text.spin_locks_reset
                0x10000610       0x1c CMakeFiles/blink.dir/home/shem/.pico-sdk/sdk/2.0.0/src/rp2_common/hardware_sync_spin_lock/sync_spin_lock.c.obj
                0x10000610                spin_locks_reset
 .text.runtime_init_per_core_irq_priorities
                0x1000062c       0x24 CMakeFiles/blink.dir/home/shem/.pico-sdk/sdk/2.0.0/src/rp2_common/hardware_irq/irq.c.obj
                0x1000062c                runtime_init_per_core_irq_priorities
 .text.irq_set_enabled
                0x10000650       0x24 CMakeFiles/blink.dir/home/shem/.pico-sdk/sdk/2.0.0/src/rp2_common/hardware_irq/irq.c.obj
                0x10000650                irq_set_enabled
 .text.irq_set_pending
                0x10000674       0x10 CMakeFiles/blink.dir/home/shem/.pico-sdk/sdk/2.0.0/src/rp2_common/hardware_irq/irq.c.obj
                0x10000674                irq_set_pending
 .text.irq_set_exclusive_handler
                0x10000684       0x54 CMakeFiles/blink.dir/home/shem/.pico-sdk/sdk/2.0.0/src/rp2_common/hardware_irq/irq.c.obj
                0x10000684                irq_set_exclusive_handler
 .text.irq_add_shared_handler
                0x100006d8      0x1f4 CMakeFiles/blink.dir/home/shem/.pico-sdk/sdk/2.0.0/src/rp2_common/hardware_irq/irq.c.obj
                0x100006d8                irq_add_shared_handler
 .text.irq_remove_handler
                0x100008cc      0x1d4 CMakeFiles/blink.dir/home/shem/.pico-sdk/sdk/2.0.0/src/rp2_common/hardware_irq/irq.c.obj
                0x100008cc                irq_remove_handler
 .text.irq_set_priority
                0x10000aa0       0x28 CMakeFiles/blink.dir/home/shem/.pico-sdk/sdk/2.0.0/src/rp2_common/hardware_irq/irq.c.obj
                0x10000aa0                irq_set_priority
 .text.irq_add_tail_to_free_list
                0x10000ac8       0xb4 CMakeFiles/blink.dir/home/shem/.pico-sdk/sdk/2.0.0/src/rp2_common/hardware_irq/irq.c.obj
                0x10000ac8                irq_add_tail_to_free_list
 .text.user_irq_unclaim
                0x10000b7c       0x14 CMakeFiles/blink.dir/home/shem/.pico-sdk/sdk/2.0.0/src/rp2_common/hardware_irq/irq.c.obj
                0x10000b7c                user_irq_unclaim
 .text.user_irq_claim_unused
                0x10000b90       0x2c CMakeFiles/blink.dir/home/shem/.pico-sdk/sdk/2.0.0/src/rp2_common/hardware_irq/irq.c.obj
                0x10000b90                user_irq_claim_unused
 .text.sem_init
                0x10000bbc       0x20 CMakeFiles/blink.dir/home/shem/.pico-sdk/sdk/2.0.0/src/common/pico_sync/sem.c.obj
                0x10000bbc                sem_init
 .text.lock_init
                0x10000bdc       0x10 CMakeFiles/blink.dir/home/shem/.pico-sdk/sdk/2.0.0/src/common/pico_sync/lock_core.c.obj
                0x10000bdc                lock_init
 .text.runtime_init_mutex
                0x10000bec       0x50 CMakeFiles/blink.dir/home/shem/.pico-sdk/sdk/2.0.0/src/common/pico_sync/mutex.c.obj
                0x10000bec                runtime_init_mutex
 .text.recursive_mutex_init
                0x10000c3c       0x1c CMakeFiles/blink.dir/home/shem/.pico-sdk/sdk/2.0.0/src/common/pico_sync/mutex.c.obj
                0x10000c3c                recursive_mutex_init
 .text.sleep_until_callback
                0x10000c58       0x30 CMakeFiles/blink.dir/home/shem/.pico-sdk/sdk/2.0.0/src/common/pico_time/time.c.obj
 .text.alarm_pool_irq_handler
                0x10000c88      0x2e4 CMakeFiles/blink.dir/home/shem/.pico-sdk/sdk/2.0.0/src/common/pico_time/time.c.obj
 .text.runtime_init_default_alarm_pool
                0x10000f6c       0xdc CMakeFiles/blink.dir/home/shem/.pico-sdk/sdk/2.0.0/src/common/pico_time/time.c.obj
                0x10000f6c                runtime_init_default_alarm_pool
 .text.alarm_pool_get_default
                0x10001048        0x8 CMakeFiles/blink.dir/home/shem/.pico-sdk/sdk/2.0.0/src/common/pico_time/time.c.obj
                0x10001048                alarm_pool_get_default
 .text.alarm_pool_add_alarm_at
                0x10001050       0xd4 CMakeFiles/blink.dir/home/shem/.pico-sdk/sdk/2.0.0/src/common/pico_time/time.c.obj
                0x10001050                alarm_pool_add_alarm_at
 .text.alarm_pool_add_alarm_at_force_in_context
                0x10001124       0xb0 CMakeFiles/blink.dir/home/shem/.pico-sdk/sdk/2.0.0/src/common/pico_time/time.c.obj
                0x10001124                alarm_pool_add_alarm_at_force_in_context
 .text.alarm_pool_cancel_alarm
                0x100011d4       0x74 CMakeFiles/blink.dir/home/shem/.pico-sdk/sdk/2.0.0/src/common/pico_time/time.c.obj
                0x100011d4                alarm_pool_cancel_alarm
 .text.sleep_until
                0x10001248       0xd8 CMakeFiles/blink.dir/home/shem/.pico-sdk/sdk/2.0.0/src/common/pico_time/time.c.obj
                0x10001248                sleep_until
 .text.sleep_ms
                0x10001320       0x38 CMakeFiles/blink.dir/home/shem/.pico-sdk/sdk/2.0.0/src/common/pico_time/time.c.obj
                0x10001320                sleep_ms
 .text.best_effort_wfe_or_timeout
                0x10001358      0x134 CMakeFiles/blink.dir/home/shem/.pico-sdk/sdk/2.0.0/src/common/pico_time/time.c.obj
                0x10001358                best_effort_wfe_or_timeout
 .text.timer_hardware_alarm_claim
                0x1000148c       0x14 CMakeFiles/blink.dir/home/shem/.pico-sdk/sdk/2.0.0/src/rp2_common/hardware_timer/timer.c.obj
                0x1000148c                timer_hardware_alarm_claim
 .text.timer_time_us_64
                0x100014a0       0x10 CMakeFiles/blink.dir/home/shem/.pico-sdk/sdk/2.0.0/src/rp2_common/hardware_timer/timer.c.obj
                0x100014a0                timer_time_us_64
 .text.time_us_64
                0x100014b0       0x14 CMakeFiles/blink.dir/home/shem/.pico-sdk/sdk/2.0.0/src/rp2_common/hardware_timer/timer.c.obj
                0x100014b0                time_us_64
 .text.busy_wait_until
                0x100014c4       0x20 CMakeFiles/blink.dir/home/shem/.pico-sdk/sdk/2.0.0/src/rp2_common/hardware_timer/timer.c.obj
                0x100014c4                busy_wait_until
 .text.clock_configure_int_divider
                0x100014e4       0xf4 CMakeFiles/blink.dir/home/shem/.pico-sdk/sdk/2.0.0/src/rp2_common/hardware_clocks/clocks.c.obj
                0x100014e4                clock_configure_int_divider
 .text.clock_configure_undivided
                0x100015d8       0xe8 CMakeFiles/blink.dir/home/shem/.pico-sdk/sdk/2.0.0/src/rp2_common/hardware_clocks/clocks.c.obj
                0x100015d8                clock_configure_undivided
 .text.clock_get_hz
                0x100016c0        0xc CMakeFiles/blink.dir/home/shem/.pico-sdk/sdk/2.0.0/src/rp2_common/hardware_clocks/clocks.c.obj
                0x100016c0                clock_get_hz
 .text.pll_init
                0x100016cc       0xa4 CMakeFiles/blink.dir/home/shem/.pico-sdk/sdk/2.0.0/src/rp2_common/hardware_pll/pll.c.obj
                0x100016cc                pll_init
 .text.tick_start
                0x10001770       0x10 CMakeFiles/blink.dir/home/shem/.pico-sdk/sdk/2.0.0/src/rp2_common/hardware_ticks/ticks.c.obj
                0x10001770                tick_start
 .text.xosc_init
                0x10001780       0x28 CMakeFiles/blink.dir/home/shem/.pico-sdk/sdk/2.0.0/src/rp2_common/hardware_xosc/xosc.c.obj
                0x10001780                xosc_init
 .text.first_per_core_initializer
                0x100017a8        0x4 CMakeFiles/blink.dir/home/shem/.pico-sdk/sdk/2.0.0/src/rp2_common/pico_runtime/runtime.c.obj
 .text.hard_assertion_failure
                0x100017ac        0xc CMakeFiles/blink.dir/home/shem/.pico-sdk/sdk/2.0.0/src/rp2_common/pico_runtime/runtime.c.obj
                0x100017ac                hard_assertion_failure
 .text.runtime_run_initializers
                0x100017b8       0x28 CMakeFiles/blink.dir/home/shem/.pico-sdk/sdk/2.0.0/src/rp2_common/pico_runtime/runtime.c.obj
                0x100017b8                runtime_run_initializers
 .text.runtime_init_early_resets
                0x100017e0       0x2c CMakeFiles/blink.dir/home/shem/.pico-sdk/sdk/2.0.0/src/rp2_common/pico_runtime_init/runtime_init.c.obj
                0x100017e0                runtime_init_early_resets
 .text.runtime_init_usb_power_down
                0x1000180c       0x1c CMakeFiles/blink.dir/home/shem/.pico-sdk/sdk/2.0.0/src/rp2_common/pico_runtime_init/runtime_init.c.obj
                0x1000180c                runtime_init_usb_power_down
 .text.runtime_init_post_clock_resets
                0x10001828       0x20 CMakeFiles/blink.dir/home/shem/.pico-sdk/sdk/2.0.0/src/rp2_common/pico_runtime_init/runtime_init.c.obj
                0x10001828                runtime_init_post_clock_resets
 .text.runtime_init_rp2040_gpio_ie_disable
                0x10001848       0x14 CMakeFiles/blink.dir/home/shem/.pico-sdk/sdk/2.0.0/src/rp2_common/pico_runtime_init/runtime_init.c.obj
                0x10001848                runtime_init_rp2040_gpio_ie_disable
 .text.runtime_init_spin_locks_reset
                0x1000185c        0x8 CMakeFiles/blink.dir/home/shem/.pico-sdk/sdk/2.0.0/src/rp2_common/pico_runtime_init/runtime_init.c.obj
                0x1000185c                runtime_init_spin_locks_reset
 .text.runtime_init_install_ram_vector_table
                0x10001864       0x1c CMakeFiles/blink.dir/home/shem/.pico-sdk/sdk/2.0.0/src/rp2_common/pico_runtime_init/runtime_init.c.obj
                0x10001864                runtime_init_install_ram_vector_table
 .text.runtime_init_clocks
                0x10001880       0xd8 CMakeFiles/blink.dir/home/shem/.pico-sdk/sdk/2.0.0/src/rp2_common/pico_runtime_init/runtime_init_clocks.c.obj
                0x10001880                runtime_init_clocks
 .text          0x10001958       0x10 CMakeFiles/blink.dir/home/shem/.pico-sdk/sdk/2.0.0/src/rp2_common/pico_bit_ops/bit_ops_aeabi.S.obj
 .text.ctzsi    0x10001968        0xc CMakeFiles/blink.dir/home/shem/.pico-sdk/sdk/2.0.0/src/rp2_common/pico_bit_ops/bit_ops_aeabi.S.obj
                0x10001968                __wrap___ctzsi2
 .text.rom_func_lookup
                0x10001974       0x10 CMakeFiles/blink.dir/home/shem/.pico-sdk/sdk/2.0.0/src/rp2_common/pico_bootrom/bootrom.c.obj
                0x10001974                rom_func_lookup
 .text.rom_data_lookup
                0x10001984       0x10 CMakeFiles/blink.dir/home/shem/.pico-sdk/sdk/2.0.0/src/rp2_common/pico_bootrom/bootrom.c.obj
                0x10001984                rom_data_lookup
 .text.rom_funcs_lookup
                0x10001994       0x44 CMakeFiles/blink.dir/home/shem/.pico-sdk/sdk/2.0.0/src/rp2_common/pico_bootrom/bootrom.c.obj
                0x10001994                rom_funcs_lookup
 .text.__wrap___aeabi_idiv
                0x100019d8       0x50 CMakeFiles/blink.dir/home/shem/.pico-sdk/sdk/2.0.0/src/rp2_common/pico_divider/divider_hardware.S.obj
                0x100019d8                __wrap___aeabi_idivmod
                0x100019d8                divmod_s32s32
                0x100019d8                div_s32s32
                0x100019d8                __wrap___aeabi_idiv
                0x100019e0                divmod_s32s32_unsafe
                0x10001a0c                divmod_s32s32_savestate
 .text.__wrap___aeabi_uidiv
                0x10001a28       0x4c CMakeFiles/blink.dir/home/shem/.pico-sdk/sdk/2.0.0/src/rp2_common/pico_divider/divider_hardware.S.obj
                0x10001a28                __wrap___aeabi_uidiv
                0x10001a28                __wrap___aeabi_uidivmod
                0x10001a28                div_u32u32
                0x10001a28                divmod_u32u32
                0x10001a30                divmod_u32u32_unsafe
                0x10001a58                divmod_u32u32_savestate
 .text.__wrap___aeabi_ldiv
                0x10001a74      0x424 CMakeFiles/blink.dir/home/shem/.pico-sdk/sdk/2.0.0/src/rp2_common/pico_divider/divider_hardware.S.obj
                0x10001a74                div_s64s64
                0x10001a74                divmod_s64s64
                0x10001a74                __wrap___aeabi_ldivmod
                0x10001aa4                div_u64u64
                0x10001aa4                divmod_u64u64
                0x10001aa4                __wrap___aeabi_uldivmod
                0x10001ab4                divmod_u64u64_savestate
                0x10001ad4                divmod_s64s64_unsafe
                0x10001b5c                divmod_u64u64_unsafe
 .text.__wrap___aeabi_darithmetic
                0x10001e98       0x60 CMakeFiles/blink.dir/home/shem/.pico-sdk/sdk/2.0.0/src/rp2_common/pico_double/double_aeabi_rp2040.S.obj
                0x10001e98                __wrap___aeabi_drsub
                0x10001e9e                __wrap___aeabi_dsub
                0x10001ea8                __wrap___aeabi_dadd
                0x10001eb2                __wrap___aeabi_ddiv
                0x10001ee6                __wrap___aeabi_dmul
 .text.__wrap___aeabi_cdcmple
                0x10001ef8       0x6c CMakeFiles/blink.dir/home/shem/.pico-sdk/sdk/2.0.0/src/rp2_common/pico_double/double_aeabi_rp2040.S.obj
                0x10001ef8                __wrap___aeabi_cdrcmple
                0x10001f08                __wrap___aeabi_cdcmple
                0x10001f08                __wrap___aeabi_cdcmpeq
 .text.__wrap___aeabi_dcmplt
                0x10001f64        0xc CMakeFiles/blink.dir/home/shem/.pico-sdk/sdk/2.0.0/src/rp2_common/pico_double/double_aeabi_rp2040.S.obj
                0x10001f64                __wrap___aeabi_dcmplt
 .text.__wrap___aeabi_dcmpge
                0x10001f70       0x10 CMakeFiles/blink.dir/home/shem/.pico-sdk/sdk/2.0.0/src/rp2_common/pico_double/double_aeabi_rp2040.S.obj
                0x10001f70                __wrap___aeabi_dcmpge
 .text.__wrap___aeabi_dcmpgt
                0x10001f80        0xa CMakeFiles/blink.dir/home/shem/.pico-sdk/sdk/2.0.0/src/rp2_common/pico_double/double_aeabi_rp2040.S.obj
                0x10001f80                __wrap___aeabi_dcmpgt
 .text.__wrap___aeabi_dcmpun
                0x10001f8a       0x18 CMakeFiles/blink.dir/home/shem/.pico-sdk/sdk/2.0.0/src/rp2_common/pico_double/double_aeabi_rp2040.S.obj
                0x10001f8a                __wrap___aeabi_dcmpun
 *fill*         0x10001fa2        0x2 
 .text.__wrap___aeabi_i2d
                0x10001fa4       0x38 CMakeFiles/blink.dir/home/shem/.pico-sdk/sdk/2.0.0/src/rp2_common/pico_double/double_aeabi_rp2040.S.obj
                0x10001fa4                __wrap___aeabi_ui2d
                0x10001fac                __wrap___aeabi_i2d
 .text.__wrap___aeabi_d2iz
                0x10001fdc       0x48 CMakeFiles/blink.dir/home/shem/.pico-sdk/sdk/2.0.0/src/rp2_common/pico_double/double_aeabi_rp2040.S.obj
                0x10001fdc                __wrap___aeabi_d2iz
                0x10001fdc                double2int_z
 .text.__wrap___aeabi_d2uiz
                0x10002024       0x10 CMakeFiles/blink.dir/home/shem/.pico-sdk/sdk/2.0.0/src/rp2_common/pico_double/double_aeabi_rp2040.S.obj
                0x10002024                double2uint
                0x10002024                __wrap___aeabi_d2uiz
 .text.missing_double_func_shim
                0x10002034        0xc CMakeFiles/blink.dir/home/shem/.pico-sdk/sdk/2.0.0/src/rp2_common/pico_double/double_init_rom_rp2040.c.obj
 .text.__aeabi_double_init
                0x10002040       0xa0 CMakeFiles/blink.dir/home/shem/.pico-sdk/sdk/2.0.0/src/rp2_common/pico_double/double_init_rom_rp2040.c.obj
                0x10002040                __aeabi_double_init
 .text.double_table_shim_on_use_helper
                0x100020e0       0x2c CMakeFiles/blink.dir/home/shem/.pico-sdk/sdk/2.0.0/src/rp2_common/pico_double/double_v1_rom_shim_rp2040.S.obj
                0x100020e0                double_table_shim_on_use_helper
 .text.__aeabi_lmul
                0x1000210c       0x32 CMakeFiles/blink.dir/home/shem/.pico-sdk/sdk/2.0.0/src/rp2_common/pico_int64_ops/pico_int64_ops_aeabi.S.obj
                0x1000210c                __wrap___aeabi_lmul
 *fill*         0x1000213e        0x2 
 .text.missing_float_func_shim
                0x10002140        0xc CMakeFiles/blink.dir/home/shem/.pico-sdk/sdk/2.0.0/src/rp2_common/pico_float/float_init_rom_rp2040.c.obj
 .text.__aeabi_float_init
                0x1000214c       0x5c CMakeFiles/blink.dir/home/shem/.pico-sdk/sdk/2.0.0/src/rp2_common/pico_float/float_init_rom_rp2040.c.obj
                0x1000214c                __aeabi_float_init
 .text          0x100021a8       0x10 CMakeFiles/blink.dir/home/shem/.pico-sdk/sdk/2.0.0/src/rp2_common/pico_mem_ops/mem_ops_aeabi.S.obj
                0x100021a8                __aeabi_mem_init
 .text.memset   0x100021b8        0xc CMakeFiles/blink.dir/home/shem/.pico-sdk/sdk/2.0.0/src/rp2_common/pico_mem_ops/mem_ops_aeabi.S.obj
                0x100021b8                __wrap_memset
 .text.memcpy   0x100021c4        0xc CMakeFiles/blink.dir/home/shem/.pico-sdk/sdk/2.0.0/src/rp2_common/pico_mem_ops/mem_ops_aeabi.S.obj
                0x100021c4                __wrap___aeabi_memcpy
                0x100021c4                __wrap_memcpy
 .text._out_null
                0x100021d0        0x4 CMakeFiles/blink.dir/home/shem/.pico-sdk/sdk/2.0.0/src/rp2_common/pico_printf/printf.c.obj
 .text._out_rev
                0x100021d4       0xac CMakeFiles/blink.dir/home/shem/.pico-sdk/sdk/2.0.0/src/rp2_common/pico_printf/printf.c.obj
 .text._ntoa_format
                0x10002280      0x250 CMakeFiles/blink.dir/home/shem/.pico-sdk/sdk/2.0.0/src/rp2_common/pico_printf/printf.c.obj
 .text._out_char
                0x100024d0       0x10 CMakeFiles/blink.dir/home/shem/.pico-sdk/sdk/2.0.0/src/rp2_common/pico_printf/printf.c.obj
 .text._out_fct
                0x100024e0       0x10 CMakeFiles/blink.dir/home/shem/.pico-sdk/sdk/2.0.0/src/rp2_common/pico_printf/printf.c.obj
 .text._etoa    0x100024f0      0x464 CMakeFiles/blink.dir/home/shem/.pico-sdk/sdk/2.0.0/src/rp2_common/pico_printf/printf.c.obj
 .text._ftoa    0x10002954      0x3c0 CMakeFiles/blink.dir/home/shem/.pico-sdk/sdk/2.0.0/src/rp2_common/pico_printf/printf.c.obj
 .text._vsnprintf
                0x10002d14      0xbc8 CMakeFiles/blink.dir/home/shem/.pico-sdk/sdk/2.0.0/src/rp2_common/pico_printf/printf.c.obj
 .text.vfctprintf
                0x100038dc       0x20 CMakeFiles/blink.dir/home/shem/.pico-sdk/sdk/2.0.0/src/rp2_common/pico_printf/printf.c.obj
                0x100038dc                vfctprintf
 .text.weak_raw_vprintf
                0x100038fc       0x30 CMakeFiles/blink.dir/home/shem/.pico-sdk/sdk/2.0.0/src/rp2_common/pico_printf/printf.c.obj
                0x100038fc                weak_raw_vprintf
 .text._exit    0x1000392c        0x4 CMakeFiles/blink.dir/home/shem/.pico-sdk/sdk/2.0.0/src/rp2_common/pico_clib_interface/newlib_interface.c.obj
                0x1000392c                _exit
 .text.exit     0x10003930        0x8 CMakeFiles/blink.dir/home/shem/.pico-sdk/sdk/2.0.0/src/rp2_common/pico_clib_interface/newlib_interface.c.obj
                0x10003930                exit
 .text.runtime_init
                0x10003938       0x2c CMakeFiles/blink.dir/home/shem/.pico-sdk/sdk/2.0.0/src/rp2_common/pico_clib_interface/newlib_interface.c.obj
                0x10003938                runtime_init
 .text.stdio_out_chars_no_crlf
                0x10003964       0x10 CMakeFiles/blink.dir/home/shem/.pico-sdk/sdk/2.0.0/src/rp2_common/pico_stdio/stdio.c.obj
 .text.stdio_out_chars_crlf
                0x10003974       0x94 CMakeFiles/blink.dir/home/shem/.pico-sdk/sdk/2.0.0/src/rp2_common/pico_stdio/stdio.c.obj
 .text.stdio_buffered_printer
                0x10003a08       0x64 CMakeFiles/blink.dir/home/shem/.pico-sdk/sdk/2.0.0/src/rp2_common/pico_stdio/stdio.c.obj
 .text.stdio_put_string
                0x10003a6c      0x100 CMakeFiles/blink.dir/home/shem/.pico-sdk/sdk/2.0.0/src/rp2_common/pico_stdio/stdio.c.obj
                0x10003a6c                stdio_put_string
 .text.__wrap_putchar
                0x10003b6c       0x98 CMakeFiles/blink.dir/home/shem/.pico-sdk/sdk/2.0.0/src/rp2_common/pico_stdio/stdio.c.obj
                0x10003b6c                stdio_putchar
                0x10003b6c                __wrap_putchar
 .text.__wrap_puts
                0x10003c04       0x3c CMakeFiles/blink.dir/home/shem/.pico-sdk/sdk/2.0.0/src/rp2_common/pico_stdio/stdio.c.obj
                0x10003c04                __wrap_puts
                0x10003c04                stdio_puts
 .text.__wrap_vprintf
                0x10003c40       0xd4 CMakeFiles/blink.dir/home/shem/.pico-sdk/sdk/2.0.0/src/rp2_common/pico_stdio/stdio.c.obj
                0x10003c40                __wrap_vprintf
                0x10003c40                stdio_vprintf
 .text.__wrap_printf
                0x10003d14       0x18 CMakeFiles/blink.dir/home/shem/.pico-sdk/sdk/2.0.0/src/rp2_common/pico_stdio/stdio.c.obj
                0x10003d14                stdio_printf
                0x10003d14                __wrap_printf
 .text.cyw43_arch_set_async_context
                0x10003d2c        0xc CMakeFiles/blink.dir/home/shem/.pico-sdk/sdk/2.0.0/src/rp2_common/pico_cyw43_arch/cyw43_arch.c.obj
                0x10003d2c                cyw43_arch_set_async_context
 .text.cyw43_arch_gpio_put
                0x10003d38       0x14 CMakeFiles/blink.dir/home/shem/.pico-sdk/sdk/2.0.0/src/rp2_common/pico_cyw43_arch/cyw43_arch.c.obj
                0x10003d38                cyw43_arch_gpio_put
 .text.cyw43_arch_async_context
                0x10003d4c        0xc CMakeFiles/blink.dir/home/shem/.pico-sdk/sdk/2.0.0/src/rp2_common/pico_cyw43_arch/cyw43_arch.c.obj
                0x10003d4c                cyw43_arch_async_context
 .text.cyw43_arch_init
                0x10003d58       0x64 CMakeFiles/blink.dir/home/shem/.pico-sdk/sdk/2.0.0/src/rp2_common/pico_cyw43_arch/cyw43_arch_threadsafe_background.c.obj
                0x10003d58                cyw43_arch_init
 .text.startup._retrieve_unique_id_on_boot
                0x10003dbc       0x10 CMakeFiles/blink.dir/home/shem/.pico-sdk/sdk/2.0.0/src/rp2_common/pico_unique_id/unique_id.c.obj
 .text.pico_get_unique_board_id
                0x10003dcc       0x10 CMakeFiles/blink.dir/home/shem/.pico-sdk/sdk/2.0.0/src/rp2_common/pico_unique_id/unique_id.c.obj
                0x10003dcc                pico_get_unique_board_id
 .text.flash_get_unique_id
                0x10003ddc       0x3c CMakeFiles/blink.dir/home/shem/.pico-sdk/sdk/2.0.0/src/rp2_common/hardware_flash/flash.c.obj
                0x10003ddc                flash_get_unique_id
 .text.ns_delay.constprop.0
                0x10003e18       0x20 CMakeFiles/blink.dir/home/shem/.pico-sdk/sdk/2.0.0/src/rp2_common/pico_cyw43_driver/cyw43_bus_pio_spi.c.obj
 .text.cyw43_spi_deinit
                0x10003e38       0x7c CMakeFiles/blink.dir/home/shem/.pico-sdk/sdk/2.0.0/src/rp2_common/pico_cyw43_driver/cyw43_bus_pio_spi.c.obj
                0x10003e38                cyw43_spi_deinit
 .text.cyw43_spi_init
                0x10003eb4      0x134 CMakeFiles/blink.dir/home/shem/.pico-sdk/sdk/2.0.0/src/rp2_common/pico_cyw43_driver/cyw43_bus_pio_spi.c.obj
                0x10003eb4                cyw43_spi_init
 .text.cyw43_spi_transfer
                0x10003fe8      0x3f0 CMakeFiles/blink.dir/home/shem/.pico-sdk/sdk/2.0.0/src/rp2_common/pico_cyw43_driver/cyw43_bus_pio_spi.c.obj
                0x10003fe8                cyw43_spi_transfer
 .text.cyw43_spi_gpio_setup
                0x100043d8       0x3c CMakeFiles/blink.dir/home/shem/.pico-sdk/sdk/2.0.0/src/rp2_common/pico_cyw43_driver/cyw43_bus_pio_spi.c.obj
                0x100043d8                cyw43_spi_gpio_setup
 .text.cyw43_spi_reset
                0x10004414       0x28 CMakeFiles/blink.dir/home/shem/.pico-sdk/sdk/2.0.0/src/rp2_common/pico_cyw43_driver/cyw43_bus_pio_spi.c.obj
                0x10004414                cyw43_spi_reset
 .text.read_reg_u32_swap
                0x1000443c       0x3c CMakeFiles/blink.dir/home/shem/.pico-sdk/sdk/2.0.0/src/rp2_common/pico_cyw43_driver/cyw43_bus_pio_spi.c.obj
                0x1000443c                read_reg_u32_swap
 .text.cyw43_read_reg_u32
                0x10004478       0x50 CMakeFiles/blink.dir/home/shem/.pico-sdk/sdk/2.0.0/src/rp2_common/pico_cyw43_driver/cyw43_bus_pio_spi.c.obj
                0x10004478                cyw43_read_reg_u32
 .text.cyw43_read_reg_u16
                0x100044c8       0x50 CMakeFiles/blink.dir/home/shem/.pico-sdk/sdk/2.0.0/src/rp2_common/pico_cyw43_driver/cyw43_bus_pio_spi.c.obj
                0x100044c8                cyw43_read_reg_u16
 .text.cyw43_read_reg_u8
                0x10004518       0x50 CMakeFiles/blink.dir/home/shem/.pico-sdk/sdk/2.0.0/src/rp2_common/pico_cyw43_driver/cyw43_bus_pio_spi.c.obj
                0x10004518                cyw43_read_reg_u8
 .text.write_reg_u32_swap
                0x10004568      0x1e8 CMakeFiles/blink.dir/home/shem/.pico-sdk/sdk/2.0.0/src/rp2_common/pico_cyw43_driver/cyw43_bus_pio_spi.c.obj
                0x10004568                write_reg_u32_swap
 .text.cyw43_write_reg_u32
                0x10004750      0x208 CMakeFiles/blink.dir/home/shem/.pico-sdk/sdk/2.0.0/src/rp2_common/pico_cyw43_driver/cyw43_bus_pio_spi.c.obj
                0x10004750                cyw43_write_reg_u32
 .text.cyw43_write_reg_u16
                0x10004958      0x208 CMakeFiles/blink.dir/home/shem/.pico-sdk/sdk/2.0.0/src/rp2_common/pico_cyw43_driver/cyw43_bus_pio_spi.c.obj
                0x10004958                cyw43_write_reg_u16
 .text.cyw43_write_reg_u8
                0x10004b60      0x208 CMakeFiles/blink.dir/home/shem/.pico-sdk/sdk/2.0.0/src/rp2_common/pico_cyw43_driver/cyw43_bus_pio_spi.c.obj
                0x10004b60                cyw43_write_reg_u8
 .text.cyw43_read_bytes
                0x10004d68       0x78 CMakeFiles/blink.dir/home/shem/.pico-sdk/sdk/2.0.0/src/rp2_common/pico_cyw43_driver/cyw43_bus_pio_spi.c.obj
                0x10004d68                cyw43_read_bytes
 .text.cyw43_write_bytes
                0x10004de0       0xc0 CMakeFiles/blink.dir/home/shem/.pico-sdk/sdk/2.0.0/src/rp2_common/pico_cyw43_driver/cyw43_bus_pio_spi.c.obj
                0x10004de0                cyw43_write_bytes
 .text.cyw43_set_backplane_window
                0x10004ea0       0x68 CMakeFiles/blink.dir/home/shem/.pico-sdk/sdk/2.0.0/lib/cyw43-driver/src/cyw43_ll.c.obj
 .text.cyw43_ll_parse_async_event
                0x10004f08      0x134 CMakeFiles/blink.dir/home/shem/.pico-sdk/sdk/2.0.0/lib/cyw43-driver/src/cyw43_ll.c.obj
 .text.cyw43_kso_set
                0x1000503c       0x80 CMakeFiles/blink.dir/home/shem/.pico-sdk/sdk/2.0.0/lib/cyw43-driver/src/cyw43_ll.c.obj
 .text.cyw43_ll_sdpcm_poll_device
                0x100050bc      0x238 CMakeFiles/blink.dir/home/shem/.pico-sdk/sdk/2.0.0/lib/cyw43-driver/src/cyw43_ll.c.obj
 .text.cyw43_sdpcm_send_common
                0x100052f4       0xfc CMakeFiles/blink.dir/home/shem/.pico-sdk/sdk/2.0.0/lib/cyw43-driver/src/cyw43_ll.c.obj
 .text.cyw43_do_ioctl.part.0
                0x100053f0       0xc4 CMakeFiles/blink.dir/home/shem/.pico-sdk/sdk/2.0.0/lib/cyw43-driver/src/cyw43_ll.c.obj
 .text.cyw43_download_resource
                0x100054b4       0xd0 CMakeFiles/blink.dir/home/shem/.pico-sdk/sdk/2.0.0/lib/cyw43-driver/src/cyw43_ll.c.obj
 .text.cyw43_write_iovar_u32.constprop.0
                0x10005584       0x98 CMakeFiles/blink.dir/home/shem/.pico-sdk/sdk/2.0.0/lib/cyw43-driver/src/cyw43_ll.c.obj
 .text.cyw43_write_iovar_n
                0x1000561c       0x8c CMakeFiles/blink.dir/home/shem/.pico-sdk/sdk/2.0.0/lib/cyw43-driver/src/cyw43_ll.c.obj
 .text.cyw43_read_backplane.constprop.0
                0x100056a8       0xe4 CMakeFiles/blink.dir/home/shem/.pico-sdk/sdk/2.0.0/lib/cyw43-driver/src/cyw43_ll.c.obj
 .text.cyw43_write_backplane
                0x1000578c      0x10c CMakeFiles/blink.dir/home/shem/.pico-sdk/sdk/2.0.0/lib/cyw43-driver/src/cyw43_ll.c.obj
 .text.reset_device_core.constprop.0
                0x10005898      0x410 CMakeFiles/blink.dir/home/shem/.pico-sdk/sdk/2.0.0/lib/cyw43-driver/src/cyw43_ll.c.obj
 .text.cyw43_ll_init
                0x10005ca8       0x1c CMakeFiles/blink.dir/home/shem/.pico-sdk/sdk/2.0.0/lib/cyw43-driver/src/cyw43_ll.c.obj
                0x10005ca8                cyw43_ll_init
 .text.cyw43_ll_deinit
                0x10005cc4        0x8 CMakeFiles/blink.dir/home/shem/.pico-sdk/sdk/2.0.0/lib/cyw43-driver/src/cyw43_ll.c.obj
                0x10005cc4                cyw43_ll_deinit
 .text.cyw43_ll_process_packets
                0x10005ccc       0x54 CMakeFiles/blink.dir/home/shem/.pico-sdk/sdk/2.0.0/lib/cyw43-driver/src/cyw43_ll.c.obj
                0x10005ccc                cyw43_ll_process_packets
 .text.cyw43_ll_ioctl
                0x10005d20       0x80 CMakeFiles/blink.dir/home/shem/.pico-sdk/sdk/2.0.0/lib/cyw43-driver/src/cyw43_ll.c.obj
                0x10005d20                cyw43_ll_ioctl
 .text.cyw43_ll_bus_sleep
                0x10005da0       0x34 CMakeFiles/blink.dir/home/shem/.pico-sdk/sdk/2.0.0/lib/cyw43-driver/src/cyw43_ll.c.obj
                0x10005da0                cyw43_ll_bus_sleep
 .text.cyw43_ll_wifi_get_mac
                0x10005dd4       0x74 CMakeFiles/blink.dir/home/shem/.pico-sdk/sdk/2.0.0/lib/cyw43-driver/src/cyw43_ll.c.obj
                0x10005dd4                cyw43_ll_wifi_get_mac
 .text.cyw43_ll_bus_init
                0x10005e48      0x920 CMakeFiles/blink.dir/home/shem/.pico-sdk/sdk/2.0.0/lib/cyw43-driver/src/cyw43_ll.c.obj
                0x10005e48                cyw43_ll_bus_init
 .text.cyw43_ll_wifi_set_wpa_auth
                0x10006768       0x4c CMakeFiles/blink.dir/home/shem/.pico-sdk/sdk/2.0.0/lib/cyw43-driver/src/cyw43_ll.c.obj
                0x10006768                cyw43_ll_wifi_set_wpa_auth
 .text.cyw43_ll_wifi_rejoin
                0x100067b4       0x58 CMakeFiles/blink.dir/home/shem/.pico-sdk/sdk/2.0.0/lib/cyw43-driver/src/cyw43_ll.c.obj
                0x100067b4                cyw43_ll_wifi_rejoin
 .text.cyw43_ll_gpio_set
                0x1000680c       0x94 CMakeFiles/blink.dir/home/shem/.pico-sdk/sdk/2.0.0/lib/cyw43-driver/src/cyw43_ll.c.obj
                0x1000680c                cyw43_ll_gpio_set
 .text.cyw43_ll_has_work
                0x100068a0       0x14 CMakeFiles/blink.dir/home/shem/.pico-sdk/sdk/2.0.0/lib/cyw43-driver/src/cyw43_ll.c.obj
                0x100068a0                cyw43_ll_has_work
 .text.cyw43_poll_func
                0x100068b4       0xc0 CMakeFiles/blink.dir/home/shem/.pico-sdk/sdk/2.0.0/lib/cyw43-driver/src/cyw43_ctrl.c.obj
 .text.cyw43_init
                0x10006974       0x6c CMakeFiles/blink.dir/home/shem/.pico-sdk/sdk/2.0.0/lib/cyw43-driver/src/cyw43_ctrl.c.obj
                0x10006974                cyw43_init
 .text.cyw43_deinit
                0x100069e0       0x90 CMakeFiles/blink.dir/home/shem/.pico-sdk/sdk/2.0.0/lib/cyw43-driver/src/cyw43_ctrl.c.obj
                0x100069e0                cyw43_deinit
 .text.cyw43_cb_read_host_interrupt_pin
                0x10006a70        0xc CMakeFiles/blink.dir/home/shem/.pico-sdk/sdk/2.0.0/lib/cyw43-driver/src/cyw43_ctrl.c.obj
                0x10006a70                cyw43_cb_read_host_interrupt_pin
 .text.cyw43_cb_ensure_awake
                0x10006a7c        0xc CMakeFiles/blink.dir/home/shem/.pico-sdk/sdk/2.0.0/lib/cyw43-driver/src/cyw43_ctrl.c.obj
                0x10006a7c                cyw43_cb_ensure_awake
 .text.cyw43_cb_process_async_event
                0x10006a88      0x214 CMakeFiles/blink.dir/home/shem/.pico-sdk/sdk/2.0.0/lib/cyw43-driver/src/cyw43_ctrl.c.obj
                0x10006a88                cyw43_cb_process_async_event
 .text.cyw43_gpio_set
                0x10006c9c       0xa0 CMakeFiles/blink.dir/home/shem/.pico-sdk/sdk/2.0.0/lib/cyw43-driver/src/cyw43_ctrl.c.obj
                0x10006c9c                cyw43_gpio_set
 .text.pio_sm_unclaim
                0x10006d3c       0x20 CMakeFiles/blink.dir/home/shem/.pico-sdk/sdk/2.0.0/src/rp2_common/hardware_pio/pio.c.obj
                0x10006d3c                pio_sm_unclaim
 .text.pio_claim_unused_sm
                0x10006d5c       0x38 CMakeFiles/blink.dir/home/shem/.pico-sdk/sdk/2.0.0/src/rp2_common/hardware_pio/pio.c.obj
                0x10006d5c                pio_claim_unused_sm
 .text.pio_can_add_program
                0x10006d94       0x90 CMakeFiles/blink.dir/home/shem/.pico-sdk/sdk/2.0.0/src/rp2_common/hardware_pio/pio.c.obj
                0x10006d94                pio_can_add_program
 .text.pio_add_program
                0x10006e24      0x104 CMakeFiles/blink.dir/home/shem/.pico-sdk/sdk/2.0.0/src/rp2_common/hardware_pio/pio.c.obj
                0x10006e24                pio_add_program
 .text.pio_remove_program
                0x10006f28       0x30 CMakeFiles/blink.dir/home/shem/.pico-sdk/sdk/2.0.0/src/rp2_common/hardware_pio/pio.c.obj
                0x10006f28                pio_remove_program
 .text.pio_sm_set_pindirs_with_mask
                0x10006f58       0xac CMakeFiles/blink.dir/home/shem/.pico-sdk/sdk/2.0.0/src/rp2_common/hardware_pio/pio.c.obj
                0x10006f58                pio_sm_set_pindirs_with_mask
 .text.pio_sm_set_consecutive_pindirs
                0x10007004       0xb4 CMakeFiles/blink.dir/home/shem/.pico-sdk/sdk/2.0.0/src/rp2_common/hardware_pio/pio.c.obj
                0x10007004                pio_sm_set_consecutive_pindirs
 .text.dma_channel_unclaim
                0x100070b8       0x14 CMakeFiles/blink.dir/home/shem/.pico-sdk/sdk/2.0.0/src/rp2_common/hardware_dma/dma.c.obj
                0x100070b8                dma_channel_unclaim
 .text.dma_claim_unused_channel
                0x100070cc       0x24 CMakeFiles/blink.dir/home/shem/.pico-sdk/sdk/2.0.0/src/rp2_common/hardware_dma/dma.c.obj
                0x100070cc                dma_claim_unused_channel
 .text.dma_channel_cleanup
                0x100070f0       0x64 CMakeFiles/blink.dir/home/shem/.pico-sdk/sdk/2.0.0/src/rp2_common/hardware_dma/dma.c.obj
                0x100070f0                dma_channel_cleanup
 .text.cyw43_sleep_timeout_reached
                0x10007154       0x10 CMakeFiles/blink.dir/home/shem/.pico-sdk/sdk/2.0.0/src/rp2_common/pico_cyw43_driver/cyw43_driver.c.obj
 .text.cyw43_irq_init
                0x10007164       0x28 CMakeFiles/blink.dir/home/shem/.pico-sdk/sdk/2.0.0/src/rp2_common/pico_cyw43_driver/cyw43_driver.c.obj
                0x10007164                cyw43_irq_init
 .text.cyw43_irq_deinit
                0x1000718c       0x20 CMakeFiles/blink.dir/home/shem/.pico-sdk/sdk/2.0.0/src/rp2_common/pico_cyw43_driver/cyw43_driver.c.obj
                0x1000718c                cyw43_irq_deinit
 .text.cyw43_gpio_irq_handler
                0x100071ac       0x44 CMakeFiles/blink.dir/home/shem/.pico-sdk/sdk/2.0.0/src/rp2_common/pico_cyw43_driver/cyw43_driver.c.obj
 .text.cyw43_do_poll
                0x100071f0       0x70 CMakeFiles/blink.dir/home/shem/.pico-sdk/sdk/2.0.0/src/rp2_common/pico_cyw43_driver/cyw43_driver.c.obj
 .text.cyw43_post_poll_hook
                0x10007260       0x10 CMakeFiles/blink.dir/home/shem/.pico-sdk/sdk/2.0.0/src/rp2_common/pico_cyw43_driver/cyw43_driver.c.obj
                0x10007260                cyw43_post_poll_hook
 .text.cyw43_schedule_internal_poll_dispatch
                0x10007270       0x18 CMakeFiles/blink.dir/home/shem/.pico-sdk/sdk/2.0.0/src/rp2_common/pico_cyw43_driver/cyw43_driver.c.obj
                0x10007270                cyw43_schedule_internal_poll_dispatch
 .text.cyw43_driver_init
                0x10007288       0x38 CMakeFiles/blink.dir/home/shem/.pico-sdk/sdk/2.0.0/src/rp2_common/pico_cyw43_driver/cyw43_driver.c.obj
                0x10007288                cyw43_driver_init
 .text.cyw43_driver_deinit
                0x100072c0       0x44 CMakeFiles/blink.dir/home/shem/.pico-sdk/sdk/2.0.0/src/rp2_common/pico_cyw43_driver/cyw43_driver.c.obj
                0x100072c0                cyw43_driver_deinit
 .text.cyw43_hal_generate_laa_mac
                0x10007304       0x28 CMakeFiles/blink.dir/home/shem/.pico-sdk/sdk/2.0.0/src/rp2_common/pico_cyw43_driver/cyw43_driver.c.obj
                0x10007304                cyw43_hal_generate_laa_mac
 .text.cyw43_thread_enter
                0x1000732c       0x14 CMakeFiles/blink.dir/home/shem/.pico-sdk/sdk/2.0.0/src/rp2_common/pico_cyw43_driver/cyw43_driver.c.obj
                0x1000732c                cyw43_thread_enter
 .text.cyw43_thread_exit
                0x10007340       0x14 CMakeFiles/blink.dir/home/shem/.pico-sdk/sdk/2.0.0/src/rp2_common/pico_cyw43_driver/cyw43_driver.c.obj
                0x10007340                cyw43_thread_exit
 .text.cyw43_await_background_or_timeout_us
                0x10007354       0x64 CMakeFiles/blink.dir/home/shem/.pico-sdk/sdk/2.0.0/src/rp2_common/pico_cyw43_driver/cyw43_driver.c.obj
                0x10007354                cyw43_await_background_or_timeout_us
 .text.cyw43_delay_ms
                0x100073b8       0x48 CMakeFiles/blink.dir/home/shem/.pico-sdk/sdk/2.0.0/src/rp2_common/pico_cyw43_driver/cyw43_driver.c.obj
                0x100073b8                cyw43_delay_ms
 .text.cyw43_cb_tcpip_deinit
                0x10007400        0x4 CMakeFiles/blink.dir/home/shem/.pico-sdk/sdk/2.0.0/src/rp2_common/pico_cyw43_driver/cyw43_driver.c.obj
                0x10007400                cyw43_cb_tcpip_deinit
 .text.cyw43_cb_tcpip_set_link_up
                0x10007404        0xc CMakeFiles/blink.dir/home/shem/.pico-sdk/sdk/2.0.0/src/rp2_common/pico_cyw43_driver/cyw43_driver.c.obj
                0x10007404                cyw43_cb_tcpip_set_link_up
 .text.cyw43_cb_tcpip_set_link_down
                0x10007410        0xc CMakeFiles/blink.dir/home/shem/.pico-sdk/sdk/2.0.0/src/rp2_common/pico_cyw43_driver/cyw43_driver.c.obj
                0x10007410                cyw43_cb_tcpip_set_link_down
 .text.cyw43_cb_process_ethernet
                0x1000741c        0xc CMakeFiles/blink.dir/home/shem/.pico-sdk/sdk/2.0.0/src/rp2_common/pico_cyw43_driver/cyw43_driver.c.obj
                0x1000741c                cyw43_cb_process_ethernet
 .text.async_context_threadsafe_background_acquire_lock_blocking
                0x10007428        0xc CMakeFiles/blink.dir/home/shem/.pico-sdk/sdk/2.0.0/src/rp2_common/pico_async_context/async_context_threadsafe_background.c.obj
 .text.alarm_handler
                0x10007434       0x20 CMakeFiles/blink.dir/home/shem/.pico-sdk/sdk/2.0.0/src/rp2_common/pico_async_context/async_context_threadsafe_background.c.obj
 .text.async_context_threadsafe_background_set_work_pending
                0x10007454       0x1c CMakeFiles/blink.dir/home/shem/.pico-sdk/sdk/2.0.0/src/rp2_common/pico_async_context/async_context_threadsafe_background.c.obj
 .text.process_under_lock
                0x10007470       0xcc CMakeFiles/blink.dir/home/shem/.pico-sdk/sdk/2.0.0/src/rp2_common/pico_async_context/async_context_threadsafe_background.c.obj
 .text.async_context_threadsafe_background_execute_sync
                0x1000753c       0x30 CMakeFiles/blink.dir/home/shem/.pico-sdk/sdk/2.0.0/src/rp2_common/pico_async_context/async_context_threadsafe_background.c.obj
                0x1000753c                async_context_threadsafe_background_execute_sync
 .text.async_context_threadsafe_background_deinit
                0x1000756c       0x54 CMakeFiles/blink.dir/home/shem/.pico-sdk/sdk/2.0.0/src/rp2_common/pico_async_context/async_context_threadsafe_background.c.obj
 .text.low_priority_irq_handler
                0x100075c0       0x3c CMakeFiles/blink.dir/home/shem/.pico-sdk/sdk/2.0.0/src/rp2_common/pico_async_context/async_context_threadsafe_background.c.obj
 .text.async_context_threadsafe_background_wait_for_work_until
                0x100075fc        0xc CMakeFiles/blink.dir/home/shem/.pico-sdk/sdk/2.0.0/src/rp2_common/pico_async_context/async_context_threadsafe_background.c.obj
 .text.async_context_threadsafe_background_wait_until
                0x10007608       0x1c CMakeFiles/blink.dir/home/shem/.pico-sdk/sdk/2.0.0/src/rp2_common/pico_async_context/async_context_threadsafe_background.c.obj
 .text.async_context_threadsafe_background_lock_check
                0x10007624       0x28 CMakeFiles/blink.dir/home/shem/.pico-sdk/sdk/2.0.0/src/rp2_common/pico_async_context/async_context_threadsafe_background.c.obj
 .text.async_context_threadsafe_background_release_lock
                0x1000764c       0x1c CMakeFiles/blink.dir/home/shem/.pico-sdk/sdk/2.0.0/src/rp2_common/pico_async_context/async_context_threadsafe_background.c.obj
 .text.async_context_threadsafe_background_add_at_time_worker
                0x10007668       0x34 CMakeFiles/blink.dir/home/shem/.pico-sdk/sdk/2.0.0/src/rp2_common/pico_async_context/async_context_threadsafe_background.c.obj
 .text.async_context_threadsafe_background_remove_at_time_worker
                0x1000769c       0x34 CMakeFiles/blink.dir/home/shem/.pico-sdk/sdk/2.0.0/src/rp2_common/pico_async_context/async_context_threadsafe_background.c.obj
 .text.async_context_threadsafe_background_add_when_pending_worker
                0x100076d0       0x34 CMakeFiles/blink.dir/home/shem/.pico-sdk/sdk/2.0.0/src/rp2_common/pico_async_context/async_context_threadsafe_background.c.obj
 .text.async_context_threadsafe_background_when_pending_worker
                0x10007704       0x34 CMakeFiles/blink.dir/home/shem/.pico-sdk/sdk/2.0.0/src/rp2_common/pico_async_context/async_context_threadsafe_background.c.obj
 .text.async_context_threadsafe_background_default_config
                0x10007738        0xc CMakeFiles/blink.dir/home/shem/.pico-sdk/sdk/2.0.0/src/rp2_common/pico_async_context/async_context_threadsafe_background.c.obj
                0x10007738                async_context_threadsafe_background_default_config
 .text.async_context_threadsafe_background_init
                0x10007744       0x8c CMakeFiles/blink.dir/home/shem/.pico-sdk/sdk/2.0.0/src/rp2_common/pico_async_context/async_context_threadsafe_background.c.obj
                0x10007744                async_context_threadsafe_background_init
 .text.async_context_base_add_at_time_worker
                0x100077d0       0x24 CMakeFiles/blink.dir/home/shem/.pico-sdk/sdk/2.0.0/src/rp2_common/pico_async_context/async_context_base.c.obj
                0x100077d0                async_context_base_add_at_time_worker
 .text.async_context_base_remove_at_time_worker
                0x100077f4       0x28 CMakeFiles/blink.dir/home/shem/.pico-sdk/sdk/2.0.0/src/rp2_common/pico_async_context/async_context_base.c.obj
                0x100077f4                async_context_base_remove_at_time_worker
 .text.async_context_base_add_when_pending_worker
                0x1000781c       0x24 CMakeFiles/blink.dir/home/shem/.pico-sdk/sdk/2.0.0/src/rp2_common/pico_async_context/async_context_base.c.obj
                0x1000781c                async_context_base_add_when_pending_worker
 .text.async_context_base_remove_when_pending_worker
                0x10007840       0x28 CMakeFiles/blink.dir/home/shem/.pico-sdk/sdk/2.0.0/src/rp2_common/pico_async_context/async_context_base.c.obj
                0x10007840                async_context_base_remove_when_pending_worker
 .text.async_context_base_execute_once
                0x10007868      0x108 CMakeFiles/blink.dir/home/shem/.pico-sdk/sdk/2.0.0/src/rp2_common/pico_async_context/async_context_base.c.obj
                0x10007868                async_context_base_execute_once
 .text.strncmp  0x10007970       0x74 /home/shem/.pico-sdk/toolchain/13_2_Rel1/bin/../lib/gcc/arm-none-eabi/13.2.1/../../../../arm-none-eabi/lib/thumb/v6-m/nofp/libg.a(libc_a-strncmp.o)
                0x10007970                strncmp
 .text.memmove  0x100079e4       0xb0 /home/shem/.pico-sdk/toolchain/13_2_Rel1/bin/../lib/gcc/arm-none-eabi/13.2.1/../../../../arm-none-eabi/lib/thumb/v6-m/nofp/libg.a(libc_a-memmove.o)
                0x100079e4                memmove
 .text.strlen   0x10007a94       0x5c /home/shem/.pico-sdk/toolchain/13_2_Rel1/bin/../lib/gcc/arm-none-eabi/13.2.1/../../../../arm-none-eabi/lib/thumb/v6-m/nofp/libg.a(libc_a-strlen-stub.o)
                0x10007a94                strlen
 *(.fini)
 .fini          0x10007af0        0x4 /home/shem/.pico-sdk/toolchain/13_2_Rel1/bin/../lib/gcc/arm-none-eabi/13.2.1/thumb/v6-m/nofp/crti.o
                0x10007af0                _fini
 *fill*         0x10007af4        0x4 
 .fini.__stub   0x10007af8       0xa0 linker stubs
 *crtbegin.o(.ctors)
 *crtbegin?.o(.ctors)
 *(EXCLUDE_FILE(*crtend.o *crtend?.o) .ctors)
 *(SORT_BY_NAME(.ctors.*))
 *(.ctors)
 *crtbegin.o(.dtors)
 *crtbegin?.o(.dtors)
 *(EXCLUDE_FILE(*crtend.o *crtend?.o) .dtors)
 *(SORT_BY_NAME(.dtors.*))
 *(.dtors)
                0x10007b98                        . = ALIGN (0x4)
                0x10007b98                        PROVIDE (__preinit_array_start = .)
 *(SORT_BY_NAME(.preinit_array.*))
 .preinit_array.00100
                0x10007b98        0x4 CMakeFiles/blink.dir/home/shem/.pico-sdk/sdk/2.0.0/src/rp2_common/pico_runtime_init/runtime_init.c.obj
                0x10007b98                __pre_init_runtime_init_early_resets
 .preinit_array.00101
                0x10007b9c        0x4 CMakeFiles/blink.dir/home/shem/.pico-sdk/sdk/2.0.0/src/rp2_common/pico_runtime_init/runtime_init.c.obj
                0x10007b9c                __pre_init_runtime_init_usb_power_down
 .preinit_array.00275
                0x10007ba0        0x4 CMakeFiles/blink.dir/home/shem/.pico-sdk/sdk/2.0.0/src/rp2_common/pico_bit_ops/bit_ops_aeabi.S.obj
 .preinit_array.00300
                0x10007ba4        0x4 CMakeFiles/blink.dir/home/shem/.pico-sdk/sdk/2.0.0/src/rp2_common/pico_mem_ops/mem_ops_aeabi.S.obj
 .preinit_array.00350
                0x10007ba8        0x4 CMakeFiles/blink.dir/home/shem/.pico-sdk/sdk/2.0.0/src/rp2_common/pico_double/double_aeabi_rp2040.S.obj
 .preinit_array.00350
                0x10007bac        0x4 CMakeFiles/blink.dir/home/shem/.pico-sdk/sdk/2.0.0/src/rp2_common/pico_float/float_aeabi_rp2040.S.obj
 .preinit_array.00500
                0x10007bb0        0x4 CMakeFiles/blink.dir/home/shem/.pico-sdk/sdk/2.0.0/src/rp2_common/pico_runtime_init/runtime_init.c.obj
                0x10007bb0                __pre_init_runtime_init_clocks
 .preinit_array.00600
                0x10007bb4        0x4 CMakeFiles/blink.dir/home/shem/.pico-sdk/sdk/2.0.0/src/rp2_common/pico_runtime_init/runtime_init.c.obj
                0x10007bb4                __pre_init_runtime_init_post_clock_resets
 .preinit_array.00700
                0x10007bb8        0x4 CMakeFiles/blink.dir/home/shem/.pico-sdk/sdk/2.0.0/src/rp2_common/pico_runtime_init/runtime_init.c.obj
                0x10007bb8                __pre_init_runtime_init_rp2040_gpio_ie_disable
 .preinit_array.01000
                0x10007bbc        0x4 CMakeFiles/blink.dir/home/shem/.pico-sdk/sdk/2.0.0/src/rp2_common/pico_runtime_init/runtime_init.c.obj
                0x10007bbc                __pre_init_runtime_init_spin_locks_reset
 .preinit_array.01100
                0x10007bc0        0x4 CMakeFiles/blink.dir/home/shem/.pico-sdk/sdk/2.0.0/src/common/pico_sync/mutex.c.obj
                0x10007bc0                __pre_init_runtime_init_mutex
 .preinit_array.10080
                0x10007bc4        0x4 CMakeFiles/blink.dir/home/shem/.pico-sdk/sdk/2.0.0/src/rp2_common/pico_runtime_init/runtime_init.c.obj
                0x10007bc4                __pre_init_runtime_init_install_ram_vector_table
 .preinit_array.11000
                0x10007bc8        0x4 CMakeFiles/blink.dir/home/shem/.pico-sdk/sdk/2.0.0/src/common/pico_time/time.c.obj
                0x10007bc8                __pre_init_runtime_init_default_alarm_pool
 .preinit_array.YYYYY
                0x10007bcc        0x4 CMakeFiles/blink.dir/home/shem/.pico-sdk/sdk/2.0.0/src/rp2_common/pico_runtime/runtime.c.obj
                0x10007bcc                __pre_init_first_per_core_initializer
 .preinit_array.ZZZZZ.01200
                0x10007bd0        0x4 CMakeFiles/blink.dir/home/shem/.pico-sdk/sdk/2.0.0/src/rp2_common/hardware_irq/irq.c.obj
                0x10007bd0                __pre_init_runtime_init_per_core_irq_priorities
 *(.preinit_array)
                0x10007bd4                        PROVIDE (__preinit_array_end = .)
                0x10007bd4                        . = ALIGN (0x4)
                0x10007bd4                        PROVIDE (__init_array_start = .)
 *(SORT_BY_NAME(.init_array.*))
 *(.init_array)
 .init_array    0x10007bd4        0x4 /home/shem/.pico-sdk/toolchain/13_2_Rel1/bin/../lib/gcc/arm-none-eabi/13.2.1/thumb/v6-m/nofp/crtbegin.o
 .init_array    0x10007bd8        0x4 CMakeFiles/blink.dir/home/shem/.pico-sdk/sdk/2.0.0/src/rp2_common/pico_unique_id/unique_id.c.obj
                0x10007bdc                        PROVIDE (__init_array_end = .)
                0x10007bdc                        . = ALIGN (0x4)
                [!provide]                        PROVIDE (__fini_array_start = .)
 *(SORT_BY_NAME(.fini_array.*))
 *(.fini_array)
                [!provide]                        PROVIDE (__fini_array_end = .)
 *(.eh_frame*)
 .eh_frame      0x10007bdc        0x0 /home/shem/.pico-sdk/toolchain/13_2_Rel1/bin/../lib/gcc/arm-none-eabi/13.2.1/thumb/v6-m/nofp/crtbegin.o
                0x10007bdc                        . = ALIGN (0x4)

.glue_7         0x10007bdc        0x0
 .glue_7        0x10007bdc        0x0 linker stubs

.glue_7t        0x10007bdc        0x0
 .glue_7t       0x10007bdc        0x0 linker stubs

.vfp11_veneer   0x10007bdc        0x0
 .vfp11_veneer  0x10007bdc        0x0 linker stubs

.v4_bx          0x10007bdc        0x0
 .v4_bx         0x10007bdc        0x0 linker stubs

.iplt           0x10007bdc        0x0
 .iplt          0x10007bdc        0x0 /home/shem/.pico-sdk/toolchain/13_2_Rel1/bin/../lib/gcc/arm-none-eabi/13.2.1/thumb/v6-m/nofp/crtbegin.o

.rodata         0x10007be0    0x37c5c
 *(EXCLUDE_FILE(*libm.a: *libc.a:*lib_a-mem*.o *libgcc.a:) .rodata*)
 .rodata.panic.str1.4
                0x10007be0      0x478 CMakeFiles/blink.dir/home/shem/.pico-sdk/sdk/2.0.0/src/rp2_common/pico_platform_panic/panic.c.obj
                                 0x12 (size before relaxing)
 .rodata.user_irq_claim_unused.str1.4
                0x10008058       0x1b CMakeFiles/blink.dir/home/shem/.pico-sdk/sdk/2.0.0/src/rp2_common/hardware_irq/irq.c.obj
 .rodata.at_the_end_of_time
                0x10008058        0x8 CMakeFiles/blink.dir/home/shem/.pico-sdk/sdk/2.0.0/src/common/pico_time/time.c.obj
                0x10008058                at_the_end_of_time
 .rodata.timer_hardware_alarm_claim.str1.4
                0x10008060       0x22 CMakeFiles/blink.dir/home/shem/.pico-sdk/sdk/2.0.0/src/rp2_common/hardware_timer/timer.c.obj
 .rodata.hard_assertion_failure.str1.4
                0x10008060        0xc CMakeFiles/blink.dir/home/shem/.pico-sdk/sdk/2.0.0/src/rp2_common/pico_runtime/runtime.c.obj
 .rodata.missing_double_func_shim.str1.4
                0x10008060       0x18 CMakeFiles/blink.dir/home/shem/.pico-sdk/sdk/2.0.0/src/rp2_common/pico_double/double_init_rom_rp2040.c.obj
 .rodata.missing_float_func_shim.str1.4
                0x10008060        0x1 CMakeFiles/blink.dir/home/shem/.pico-sdk/sdk/2.0.0/src/rp2_common/pico_float/float_init_rom_rp2040.c.obj
 .rodata.str1.4
                0x10008060       0x2c CMakeFiles/blink.dir/home/shem/.pico-sdk/sdk/2.0.0/src/rp2_common/pico_standard_binary_info/standard_binary_info.c.obj
 .rodata.__bi_84
                0x10008060        0xc CMakeFiles/blink.dir/home/shem/.pico-sdk/sdk/2.0.0/src/rp2_common/pico_standard_binary_info/standard_binary_info.c.obj
 .rodata.__bi_54
                0x1000806c        0xc CMakeFiles/blink.dir/home/shem/.pico-sdk/sdk/2.0.0/src/rp2_common/pico_standard_binary_info/standard_binary_info.c.obj
 .rodata.__bi_48
                0x10008078        0xc CMakeFiles/blink.dir/home/shem/.pico-sdk/sdk/2.0.0/src/rp2_common/pico_standard_binary_info/standard_binary_info.c.obj
 .rodata.__bi_42
                0x10008084        0xc CMakeFiles/blink.dir/home/shem/.pico-sdk/sdk/2.0.0/src/rp2_common/pico_standard_binary_info/standard_binary_info.c.obj
 .rodata.__bi_34
                0x10008090        0xc CMakeFiles/blink.dir/home/shem/.pico-sdk/sdk/2.0.0/src/rp2_common/pico_standard_binary_info/standard_binary_info.c.obj
 .rodata.__bi_26
                0x1000809c        0xc CMakeFiles/blink.dir/home/shem/.pico-sdk/sdk/2.0.0/src/rp2_common/pico_standard_binary_info/standard_binary_info.c.obj
 .rodata._ftoa.str1.4
                0x100080a8       0x15 CMakeFiles/blink.dir/home/shem/.pico-sdk/sdk/2.0.0/src/rp2_common/pico_printf/printf.c.obj
 .rodata._vsnprintf
                0x100080a8      0x19c CMakeFiles/blink.dir/home/shem/.pico-sdk/sdk/2.0.0/src/rp2_common/pico_printf/printf.c.obj
 *fill*         0x10008244        0x4 
 .rodata.pow10.0
                0x10008248       0x50 CMakeFiles/blink.dir/home/shem/.pico-sdk/sdk/2.0.0/src/rp2_common/pico_printf/printf.c.obj
 .rodata.crlf_str.0
                0x10008298        0x2 CMakeFiles/blink.dir/home/shem/.pico-sdk/sdk/2.0.0/src/rp2_common/pico_stdio/stdio.c.obj
 .rodata.cyw43_read_bytes.str1.4
                0x1000829a       0x1a CMakeFiles/blink.dir/home/shem/.pico-sdk/sdk/2.0.0/src/rp2_common/pico_cyw43_driver/cyw43_bus_pio_spi.c.obj
 .rodata.cyw43_write_bytes.str1.4
                0x1000829a        0xd CMakeFiles/blink.dir/home/shem/.pico-sdk/sdk/2.0.0/src/rp2_common/pico_cyw43_driver/cyw43_bus_pio_spi.c.obj
 *fill*         0x1000829a        0x2 
 .rodata.spi_gap01_sample0_program
                0x1000829c        0x8 CMakeFiles/blink.dir/home/shem/.pico-sdk/sdk/2.0.0/src/rp2_common/pico_cyw43_driver/cyw43_bus_pio_spi.c.obj
 .rodata.spi_gap01_sample0_program_instructions
                0x100082a4        0xc CMakeFiles/blink.dir/home/shem/.pico-sdk/sdk/2.0.0/src/rp2_common/pico_cyw43_driver/cyw43_bus_pio_spi.c.obj
 .rodata.cyw43_kso_set.str1.4
                0x100082b0       0x23 CMakeFiles/blink.dir/home/shem/.pico-sdk/sdk/2.0.0/lib/cyw43-driver/src/cyw43_ll.c.obj
 .rodata.cyw43_ll_sdpcm_poll_device.str1.4
                0x100082b0       0x55 CMakeFiles/blink.dir/home/shem/.pico-sdk/sdk/2.0.0/lib/cyw43-driver/src/cyw43_ll.c.obj
 .rodata.cyw43_sdpcm_send_common.str1.4
                0x100082b0       0x22 CMakeFiles/blink.dir/home/shem/.pico-sdk/sdk/2.0.0/lib/cyw43-driver/src/cyw43_ll.c.obj
 .rodata.cyw43_do_ioctl.part.0.str1.4
                0x100082b0       0x53 CMakeFiles/blink.dir/home/shem/.pico-sdk/sdk/2.0.0/lib/cyw43-driver/src/cyw43_ll.c.obj
 .rodata.reset_device_core.constprop.0.str1.4
                0x100082b0       0x1a CMakeFiles/blink.dir/home/shem/.pico-sdk/sdk/2.0.0/lib/cyw43-driver/src/cyw43_ll.c.obj
 .rodata.cyw43_ll_wifi_on.str1.4
                0x100082b0       0x52 CMakeFiles/blink.dir/home/shem/.pico-sdk/sdk/2.0.0/lib/cyw43-driver/src/cyw43_ll.c.obj
 .rodata.cyw43_ll_bus_init.str1.4
                0x100082b0       0xea CMakeFiles/blink.dir/home/shem/.pico-sdk/sdk/2.0.0/lib/cyw43-driver/src/cyw43_ll.c.obj
 .rodata.cyw43_ll_gpio_set.str1.4
                0x100082b0        0x8 CMakeFiles/blink.dir/home/shem/.pico-sdk/sdk/2.0.0/lib/cyw43-driver/src/cyw43_ll.c.obj
 .rodata.w43439A0_7_95_49_00_combined
                0x100082b0    0x36fd8 CMakeFiles/blink.dir/home/shem/.pico-sdk/sdk/2.0.0/lib/cyw43-driver/src/cyw43_ll.c.obj
 .rodata.wifi_nvram_4343
                0x1003f288      0x2e7 CMakeFiles/blink.dir/home/shem/.pico-sdk/sdk/2.0.0/lib/cyw43-driver/src/cyw43_ll.c.obj
 *fill*         0x1003f56f        0x1 
 .rodata        0x1003f570       0x72 CMakeFiles/blink.dir/home/shem/.pico-sdk/sdk/2.0.0/lib/cyw43-driver/src/cyw43_ll.c.obj
 .rodata.cyw43_cb_process_async_event.str1.4
                0x1003f5e2       0x28 CMakeFiles/blink.dir/home/shem/.pico-sdk/sdk/2.0.0/lib/cyw43-driver/src/cyw43_ctrl.c.obj
 *fill*         0x1003f5e2        0x2 
 .rodata.cyw43_cb_process_async_event
                0x1003f5e4       0xbc CMakeFiles/blink.dir/home/shem/.pico-sdk/sdk/2.0.0/lib/cyw43-driver/src/cyw43_ctrl.c.obj
 .rodata.str1.4
                0x1003f6a0       0x9e CMakeFiles/blink.dir/home/shem/.pico-sdk/sdk/2.0.0/lib/cyw43-driver/src/cyw43_ctrl.c.obj
 .rodata.cyw43_async_event_name_table
                0x1003f6a0      0x164 CMakeFiles/blink.dir/home/shem/.pico-sdk/sdk/2.0.0/lib/cyw43-driver/src/cyw43_ctrl.c.obj
 .rodata.pio_claim_unused_sm.str1.4
                0x1003f804       0x24 CMakeFiles/blink.dir/home/shem/.pico-sdk/sdk/2.0.0/src/rp2_common/hardware_pio/pio.c.obj
 .rodata.dma_claim_unused_channel.str1.4
                0x1003f804       0x1e CMakeFiles/blink.dir/home/shem/.pico-sdk/sdk/2.0.0/src/rp2_common/hardware_dma/dma.c.obj
 .rodata.cyw43_cb_tcpip_set_link_up.str1.4
                0x1003f804       0x20 CMakeFiles/blink.dir/home/shem/.pico-sdk/sdk/2.0.0/src/rp2_common/pico_cyw43_driver/cyw43_driver.c.obj
 .rodata.async_context_threadsafe_background_lock_check.str1.4
                0x1003f804       0x20 CMakeFiles/blink.dir/home/shem/.pico-sdk/sdk/2.0.0/src/rp2_common/pico_async_context/async_context_threadsafe_background.c.obj
 .rodata.template
                0x1003f804       0x38 CMakeFiles/blink.dir/home/shem/.pico-sdk/sdk/2.0.0/src/rp2_common/pico_async_context/async_context_threadsafe_background.c.obj
                0x1003f83c                        . = ALIGN (0x4)
 *(SORT_BY_ALIGNMENT(SORT_BY_NAME(.flashdata*)))
                0x1003f83c                        . = ALIGN (0x4)

.ARM.extab
 *(.ARM.extab* .gnu.linkonce.armextab.*)
                0x1003f83c                        __exidx_start = .

.ARM.exidx
 *(.ARM.exidx* .gnu.linkonce.armexidx.*)
                0x1003f83c                        __exidx_end = .
                0x1003f83c                        . = ALIGN (0x4)
                0x1003f83c                        __binary_info_start = .

.binary_info    0x1003f83c       0x18
 *(.binary_info.keep.*)
 .binary_info.keep.__bi_ptr84
                0x1003f83c        0x4 CMakeFiles/blink.dir/home/shem/.pico-sdk/sdk/2.0.0/src/rp2_common/pico_standard_binary_info/standard_binary_info.c.obj
 .binary_info.keep.__bi_ptr54
                0x1003f840        0x4 CMakeFiles/blink.dir/home/shem/.pico-sdk/sdk/2.0.0/src/rp2_common/pico_standard_binary_info/standard_binary_info.c.obj
 .binary_info.keep.__bi_ptr48
                0x1003f844        0x4 CMakeFiles/blink.dir/home/shem/.pico-sdk/sdk/2.0.0/src/rp2_common/pico_standard_binary_info/standard_binary_info.c.obj
 .binary_info.keep.__bi_ptr42
                0x1003f848        0x4 CMakeFiles/blink.dir/home/shem/.pico-sdk/sdk/2.0.0/src/rp2_common/pico_standard_binary_info/standard_binary_info.c.obj
 .binary_info.keep.__bi_ptr34
                0x1003f84c        0x4 CMakeFiles/blink.dir/home/shem/.pico-sdk/sdk/2.0.0/src/rp2_common/pico_standard_binary_info/standard_binary_info.c.obj
 .binary_info.keep.__bi_ptr26
                0x1003f850        0x4 CMakeFiles/blink.dir/home/shem/.pico-sdk/sdk/2.0.0/src/rp2_common/pico_standard_binary_info/standard_binary_info.c.obj
 *(.binary_info.*)
                0x1003f854                        __binary_info_end = .

.rel.dyn        0x1003f854        0x0
 .rel.iplt      0x1003f854        0x0 /home/shem/.pico-sdk/toolchain/13_2_Rel1/bin/../lib/gcc/arm-none-eabi/13.2.1/thumb/v6-m/nofp/crtbegin.o
                0x1003f854                        . = ALIGN (0x4)

.ram_vector_table
                0x20000000       0xc0
 *(.ram_vector_table)
 .ram_vector_table
                0x20000000       0xc0 CMakeFiles/blink.dir/home/shem/.pico-sdk/sdk/2.0.0/src/rp2_common/pico_runtime_init/runtime_init.c.obj
                0x20000000                ram_vector_table

.uninitialized_data
                0x200000c0        0x0
                0x200000c0                        . = ALIGN (0x4)
 *(.uninitialized_data*)

.data           0x200000c0      0x460 load address 0x1003f854
                0x200000c0                        __data_start__ = .
 *(vtable)
 *(.time_critical*)
 .time_critical.sem_acquire_block_until
                0x200000c0       0x68 CMakeFiles/blink.dir/home/shem/.pico-sdk/sdk/2.0.0/src/common/pico_sync/sem.c.obj
                0x200000c0                sem_acquire_block_until
 .time_critical.sem_release
                0x20000128       0x4c CMakeFiles/blink.dir/home/shem/.pico-sdk/sdk/2.0.0/src/common/pico_sync/sem.c.obj
                0x20000128                sem_release
 .time_critical.recursive_mutex_enter_blocking
                0x20000174       0x50 CMakeFiles/blink.dir/home/shem/.pico-sdk/sdk/2.0.0/src/common/pico_sync/mutex.c.obj
                0x20000174                recursive_mutex_enter_blocking
 .time_critical.mutex_try_enter_block_until
                0x200001c4       0x9c CMakeFiles/blink.dir/home/shem/.pico-sdk/sdk/2.0.0/src/common/pico_sync/mutex.c.obj
                0x200001c4                mutex_try_enter_block_until
 .time_critical.recursive_mutex_try_enter
                0x20000260       0x50 CMakeFiles/blink.dir/home/shem/.pico-sdk/sdk/2.0.0/src/common/pico_sync/mutex.c.obj
                0x20000260                recursive_mutex_try_enter
 .time_critical.mutex_exit
                0x200002b0       0x28 CMakeFiles/blink.dir/home/shem/.pico-sdk/sdk/2.0.0/src/common/pico_sync/mutex.c.obj
                0x200002b0                mutex_exit
 .time_critical.recursive_mutex_exit
                0x200002d8       0x44 CMakeFiles/blink.dir/home/shem/.pico-sdk/sdk/2.0.0/src/common/pico_sync/mutex.c.obj
                0x200002d8                recursive_mutex_exit
 .time_critical.flash_init_boot2_copyout
                0x2000031c       0x30 CMakeFiles/blink.dir/home/shem/.pico-sdk/sdk/2.0.0/src/rp2_common/hardware_flash/flash.c.obj
 .time_critical.flash_enable_xip_via_boot2
                0x2000034c        0xc CMakeFiles/blink.dir/home/shem/.pico-sdk/sdk/2.0.0/src/rp2_common/hardware_flash/flash.c.obj
 .time_critical.flash_cs_force
                0x20000358       0x38 CMakeFiles/blink.dir/home/shem/.pico-sdk/sdk/2.0.0/src/rp2_common/hardware_flash/flash.c.obj
 .time_critical.flash_do_cmd
                0x20000390       0xc0 CMakeFiles/blink.dir/home/shem/.pico-sdk/sdk/2.0.0/src/rp2_common/hardware_flash/flash.c.obj
                0x20000390                flash_do_cmd
 *(.text*)
 .text          0x20000450        0x4 /home/shem/.pico-sdk/toolchain/13_2_Rel1/bin/../lib/gcc/arm-none-eabi/13.2.1/thumb/v6-m/nofp/libgcc.a(_dvmd_tls.o)
                0x20000450                __aeabi_ldiv0
                0x20000450                __aeabi_idiv0
 *fill*         0x20000454        0x4 
 .text.__stub   0x20000458       0x10 linker stubs
                0x20000468                        . = ALIGN (0x4)
 *(.rodata*)
                0x20000468                        . = ALIGN (0x4)
 *(.data*)
 .data.striped_spin_lock_num
                0x20000468        0x1 CMakeFiles/blink.dir/home/shem/.pico-sdk/sdk/2.0.0/src/rp2_common/hardware_sync/sync.c.obj
 *fill*         0x20000469        0x3 
 .data          0x2000046c       0x48 CMakeFiles/blink.dir/home/shem/.pico-sdk/sdk/2.0.0/src/rp2_common/hardware_irq/irq_handler_chain.S.obj
                0x2000046c                irq_handler_chain_slots
                0x2000049c                irq_handler_chain_first_slot
                0x200004a6                irq_handler_chain_remove_tail
 .data.default_alarm_pool
                0x200004b4       0x18 CMakeFiles/blink.dir/home/shem/.pico-sdk/sdk/2.0.0/src/common/pico_time/time.c.obj
 *fill*         0x200004cc        0x4 
 .data.aeabi_bits_funcs
                0x200004d0       0x10 CMakeFiles/blink.dir/home/shem/.pico-sdk/sdk/2.0.0/src/rp2_common/pico_bit_ops/bit_ops_aeabi.S.obj
                0x200004d0                aeabi_bits_funcs
                0x200004e0                aeabi_bits_funcs_end
 .data.aeabi_mem_funcs
                0x200004e0       0x10 CMakeFiles/blink.dir/home/shem/.pico-sdk/sdk/2.0.0/src/rp2_common/pico_mem_ops/mem_ops_aeabi.S.obj
                0x200004e0                aeabi_mem_funcs
                0x200004f0                aeabi_mem_funcs_end
 .data.cyw43_poll_worker
                0x200004f0       0x10 CMakeFiles/blink.dir/home/shem/.pico-sdk/sdk/2.0.0/src/rp2_common/pico_cyw43_driver/cyw43_driver.c.obj
 .data.sleep_timeout_worker
                0x20000500       0x18 CMakeFiles/blink.dir/home/shem/.pico-sdk/sdk/2.0.0/src/rp2_common/pico_cyw43_driver/cyw43_driver.c.obj
                0x20000518                        . = ALIGN (0x4)
 *(.after_data.*)
                0x20000518                        . = ALIGN (0x4)
                0x20000518                        PROVIDE (__mutex_array_start = .)
 *(SORT_BY_NAME(.mutex_array.*))
 *(.mutex_array)
 .mutex_array   0x20000518        0x8 CMakeFiles/blink.dir/home/shem/.pico-sdk/sdk/2.0.0/src/rp2_common/pico_stdio/stdio.c.obj
                0x20000520                        PROVIDE (__mutex_array_end = .)
                0x20000520                        . = ALIGN (0x4)
 *(.jcr)
                0x20000520                        . = ALIGN (0x4)

.tm_clone_table
                0x20000520        0x0 load address 0x1003fcb4
 .tm_clone_table
                0x20000520        0x0 /home/shem/.pico-sdk/toolchain/13_2_Rel1/bin/../lib/gcc/arm-none-eabi/13.2.1/thumb/v6-m/nofp/crtbegin.o
 .tm_clone_table
                0x20000520        0x0 /home/shem/.pico-sdk/toolchain/13_2_Rel1/bin/../lib/gcc/arm-none-eabi/13.2.1/thumb/v6-m/nofp/crtend.o

.igot.plt       0x20000520        0x0 load address 0x1003fcb4
 .igot.plt      0x20000520        0x0 /home/shem/.pico-sdk/toolchain/13_2_Rel1/bin/../lib/gcc/arm-none-eabi/13.2.1/thumb/v6-m/nofp/crtbegin.o

.tdata          0x20000520        0x0 load address 0x1003fcb4
                0x20000520                        . = ALIGN (0x4)
 *(.tdata .tdata.* .gnu.linkonce.td.*)
                0x20000520                        __tdata_end = .
                0x20000520                        PROVIDE (__data_end__ = .)
                0x1003f854                        __etext = LOADADDR (.data)

.tbss           0x20000520        0x0 load address 0x1003fcb4
                0x20000520                        . = ALIGN (0x4)
                0x20000520                        __bss_start__ = .
                0x20000520                        __tls_base = .
 *(.tbss .tbss.* .gnu.linkonce.tb.*)
 *(.tcommon)
                0x20000520                        __tls_end = .

.bss            0x20000520      0xe74 load address 0x1003fcb4
                0x20000520                        . = ALIGN (0x4)
                0x20000520                        __tbss_end = .
 *(SORT_BY_ALIGNMENT(SORT_BY_NAME(.bss*)))
 .bss.cyw43_async_context_threadsafe_background
                0x20000520       0x48 CMakeFiles/blink.dir/home/shem/.pico-sdk/sdk/2.0.0/src/rp2_common/pico_cyw43_arch/cyw43_arch_threadsafe_background.c.obj
 .bss.default_alarm_pool_entries
                0x20000568      0x180 CMakeFiles/blink.dir/home/shem/.pico-sdk/sdk/2.0.0/src/common/pico_time/time.c.obj
 .bss.sd_table  0x200006e8      0x100 CMakeFiles/blink.dir/home/shem/.pico-sdk/sdk/2.0.0/src/rp2_common/pico_double/double_init_rom_rp2040.c.obj
                0x200006e8                sd_table
 .bss._used_instruction_space
                0x200007e8        0x8 CMakeFiles/blink.dir/home/shem/.pico-sdk/sdk/2.0.0/src/rp2_common/hardware_pio/pio.c.obj
 .bss.async_context
                0x200007f0        0x4 CMakeFiles/blink.dir/home/shem/.pico-sdk/sdk/2.0.0/src/rp2_common/pico_cyw43_arch/cyw43_arch.c.obj
 .bss.async_contexts_by_user_irq
                0x200007f4       0x18 CMakeFiles/blink.dir/home/shem/.pico-sdk/sdk/2.0.0/src/rp2_common/pico_async_context/async_context_threadsafe_background.c.obj
 .bss.boot2_copyout
                0x2000080c      0x100 CMakeFiles/blink.dir/home/shem/.pico-sdk/sdk/2.0.0/src/rp2_common/hardware_flash/flash.c.obj
 .bss.bus_data_instance
                0x2000090c        0xc CMakeFiles/blink.dir/home/shem/.pico-sdk/sdk/2.0.0/src/rp2_common/pico_cyw43_driver/cyw43_bus_pio_spi.c.obj
 .bss.claimed   0x20000918        0x1 CMakeFiles/blink.dir/home/shem/.pico-sdk/sdk/2.0.0/src/rp2_common/hardware_timer/timer.c.obj
 *fill*         0x20000919        0x3 
 .bss.claimed   0x2000091c        0x1 CMakeFiles/blink.dir/home/shem/.pico-sdk/sdk/2.0.0/src/rp2_common/hardware_pio/pio.c.obj
 *fill*         0x2000091d        0x3 
 .bss.configured_freq
                0x20000920       0x28 CMakeFiles/blink.dir/home/shem/.pico-sdk/sdk/2.0.0/src/rp2_common/hardware_clocks/clocks.c.obj
 .bss.cyw43_async_context
                0x20000948        0x4 CMakeFiles/blink.dir/home/shem/.pico-sdk/sdk/2.0.0/src/rp2_common/pico_cyw43_driver/cyw43_driver.c.obj
 .bss.cyw43_poll
                0x2000094c        0x4 CMakeFiles/blink.dir/home/shem/.pico-sdk/sdk/2.0.0/lib/cyw43-driver/src/cyw43_ctrl.c.obj
                0x2000094c                cyw43_poll
 .bss.cyw43_sleep
                0x20000950        0x4 CMakeFiles/blink.dir/home/shem/.pico-sdk/sdk/2.0.0/lib/cyw43-driver/src/cyw43_ctrl.c.obj
                0x20000950                cyw43_sleep
 .bss.cyw43_state
                0x20000954      0x8ec CMakeFiles/blink.dir/home/shem/.pico-sdk/sdk/2.0.0/lib/cyw43-driver/src/cyw43_ctrl.c.obj
                0x20000954                cyw43_state
 .bss.drivers   0x20001240        0x4 CMakeFiles/blink.dir/home/shem/.pico-sdk/sdk/2.0.0/src/rp2_common/pico_stdio/stdio.c.obj
 .bss.filter    0x20001244        0x4 CMakeFiles/blink.dir/home/shem/.pico-sdk/sdk/2.0.0/src/rp2_common/pico_stdio/stdio.c.obj
 .bss.lazy_vsnprintf
                0x20001248        0x4 CMakeFiles/blink.dir/home/shem/.pico-sdk/sdk/2.0.0/src/rp2_common/pico_printf/printf.c.obj
 .bss.object.0  0x2000124c       0x18 /home/shem/.pico-sdk/toolchain/13_2_Rel1/bin/../lib/gcc/arm-none-eabi/13.2.1/thumb/v6-m/nofp/crtbegin.o
 .bss.pools     0x20001264       0x10 CMakeFiles/blink.dir/home/shem/.pico-sdk/sdk/2.0.0/src/common/pico_time/time.c.obj
 .bss.raw_irq_mask
                0x20001274        0x8 CMakeFiles/blink.dir/home/shem/.pico-sdk/sdk/2.0.0/src/rp2_common/hardware_gpio/gpio.c.obj
 .bss.retrieved_id
                0x2000127c        0x8 CMakeFiles/blink.dir/home/shem/.pico-sdk/sdk/2.0.0/src/rp2_common/pico_unique_id/unique_id.c.obj
 .bss.sf_clz_func
                0x20001284        0x4 CMakeFiles/blink.dir/home/shem/.pico-sdk/sdk/2.0.0/src/rp2_common/pico_double/double_init_rom_rp2040.c.obj
                0x20001284                sf_clz_func
 .bss.sf_table  0x20001288      0x100 CMakeFiles/blink.dir/home/shem/.pico-sdk/sdk/2.0.0/src/rp2_common/pico_float/float_init_rom_rp2040.c.obj
                0x20001288                sf_table
 .bss.sleep_notifier
                0x20001388        0x4 CMakeFiles/blink.dir/home/shem/.pico-sdk/sdk/2.0.0/src/common/pico_time/time.c.obj
 .bss._claimed  0x2000138c        0x2 CMakeFiles/blink.dir/home/shem/.pico-sdk/sdk/2.0.0/src/rp2_common/hardware_dma/dma.c.obj
 .bss.last_spi_int.0
                0x2000138e        0x2 CMakeFiles/blink.dir/home/shem/.pico-sdk/sdk/2.0.0/lib/cyw43-driver/src/cyw43_ll.c.obj
 .bss.boot2_copyout_valid
                0x20001390        0x1 CMakeFiles/blink.dir/home/shem/.pico-sdk/sdk/2.0.0/src/rp2_common/hardware_flash/flash.c.obj
 .bss.irq_handler_chain_free_slot_head
                0x20001391        0x1 CMakeFiles/blink.dir/home/shem/.pico-sdk/sdk/2.0.0/src/rp2_common/hardware_irq/irq.c.obj
 .bss.user_irq_claimed
                0x20001392        0x1 CMakeFiles/blink.dir/home/shem/.pico-sdk/sdk/2.0.0/src/rp2_common/hardware_irq/irq.c.obj
 *(COMMON)
                0x20001394                        . = ALIGN (0x4)
 *fill*         0x20001393        0x1 
                0x20001394                        __bss_end__ = .

.heap           0x20001394    0x3ec6c load address 0x1003fcb4
                0x20001394                        __end__ = .
                0x20001394                        end = __end__
 *(.heap*)
 .heap          0x20001394      0x800 CMakeFiles/blink.dir/home/shem/.pico-sdk/sdk/2.0.0/src/rp2_common/pico_crt0/crt0.S.obj
                0x20040000                        . = (ORIGIN (RAM) + LENGTH (RAM))
 *fill*         0x20001b94    0x3e46c 
                0x20040000                        __HeapLimit = .

.scratch_x      0x20040000        0x0 load address 0x1003fcb4
                0x20040000                        __scratch_x_start__ = .
 *(.scratch_x.*)
                0x20040000                        . = ALIGN (0x4)
                0x20040000                        __scratch_x_end__ = .
                0x1003fcb4                        __scratch_x_source__ = LOADADDR (.scratch_x)

.scratch_y      0x20041000        0x0 load address 0x1003fcb4
                0x20041000                        __scratch_y_start__ = .
 *(.scratch_y.*)
                0x20041000                        . = ALIGN (0x4)
                0x20041000                        __scratch_y_end__ = .
                0x1003fcb4                        __scratch_y_source__ = LOADADDR (.scratch_y)

.stack1_dummy
 *(.stack1*)

.stack_dummy    0x20041000      0x800
 *(.stack*)
 .stack         0x20041000      0x800 CMakeFiles/blink.dir/home/shem/.pico-sdk/sdk/2.0.0/src/rp2_common/pico_crt0/crt0.S.obj

.flash_end      0x1003fcb4        0x0
 *(.embedded_end_block*)
                0x1003fcb4                        PROVIDE (__flash_binary_end = .)
                0x20040000                        __StackLimit = (ORIGIN (RAM) + LENGTH (RAM))
                0x20041000                        __StackOneTop = (ORIGIN (SCRATCH_X) + LENGTH (SCRATCH_X))
                0x20042000                        __StackTop = (ORIGIN (SCRATCH_Y) + LENGTH (SCRATCH_Y))
                0x20041000                        __StackOneBottom = (__StackOneTop - SIZEOF (.stack1_dummy))
                0x20041800                        __StackBottom = (__StackTop - SIZEOF (.stack_dummy))
                0x20042000                        PROVIDE (__stack = __StackTop)
                [!provide]                        PROVIDE (__heap_start = __end__)
                [!provide]                        PROVIDE (__heap_end = __HeapLimit)
                [!provide]                        PROVIDE (__tls_align = MAX (ALIGNOF (.tdata), ALIGNOF (.tbss)))
                [!provide]                        PROVIDE (__tls_size_align = (((__tls_size + __tls_align) - 0x1) & ~ ((__tls_align - 0x1))))
                [!provide]                        PROVIDE (__arm32_tls_tcb_offset = MAX (0x8, __tls_align))
                [!provide]                        PROVIDE (_end = __end__)
                [!provide]                        PROVIDE (__llvm_libc_heap_limit = __HeapLimit)
                0x00000001                        ASSERT ((__StackLimit >= __HeapLimit), region RAM overflowed)
                0x00000001                        ASSERT (((__binary_info_header_end - __logical_binary_start) <= 0x100), Binary info must be in first 256 bytes of the binary)
LOAD CMakeFiles/blink.dir/blink.c.obj
LOAD CMakeFiles/blink.dir/home/shem/.pico-sdk/sdk/2.0.0/src/rp2_common/pico_stdlib/stdlib.c.obj
LOAD CMakeFiles/blink.dir/home/shem/.pico-sdk/sdk/2.0.0/src/rp2_common/hardware_gpio/gpio.c.obj
LOAD CMakeFiles/blink.dir/home/shem/.pico-sdk/sdk/2.0.0/src/rp2040/pico_platform/platform.c.obj
LOAD CMakeFiles/blink.dir/home/shem/.pico-sdk/sdk/2.0.0/src/rp2_common/pico_platform_panic/panic.c.obj
LOAD CMakeFiles/blink.dir/home/shem/.pico-sdk/sdk/2.0.0/src/common/hardware_claim/claim.c.obj
LOAD CMakeFiles/blink.dir/home/shem/.pico-sdk/sdk/2.0.0/src/rp2_common/hardware_sync/sync.c.obj
LOAD CMakeFiles/blink.dir/home/shem/.pico-sdk/sdk/2.0.0/src/rp2_common/hardware_sync_spin_lock/sync_spin_lock.c.obj
LOAD CMakeFiles/blink.dir/home/shem/.pico-sdk/sdk/2.0.0/src/rp2_common/hardware_irq/irq.c.obj
LOAD CMakeFiles/blink.dir/home/shem/.pico-sdk/sdk/2.0.0/src/rp2_common/hardware_irq/irq_handler_chain.S.obj
LOAD CMakeFiles/blink.dir/home/shem/.pico-sdk/sdk/2.0.0/src/common/pico_sync/sem.c.obj
LOAD CMakeFiles/blink.dir/home/shem/.pico-sdk/sdk/2.0.0/src/common/pico_sync/lock_core.c.obj
LOAD CMakeFiles/blink.dir/home/shem/.pico-sdk/sdk/2.0.0/src/common/pico_sync/mutex.c.obj
LOAD CMakeFiles/blink.dir/home/shem/.pico-sdk/sdk/2.0.0/src/common/pico_sync/critical_section.c.obj
LOAD CMakeFiles/blink.dir/home/shem/.pico-sdk/sdk/2.0.0/src/common/pico_time/time.c.obj
LOAD CMakeFiles/blink.dir/home/shem/.pico-sdk/sdk/2.0.0/src/common/pico_time/timeout_helper.c.obj
LOAD CMakeFiles/blink.dir/home/shem/.pico-sdk/sdk/2.0.0/src/rp2_common/hardware_timer/timer.c.obj
LOAD CMakeFiles/blink.dir/home/shem/.pico-sdk/sdk/2.0.0/src/common/pico_util/datetime.c.obj
LOAD CMakeFiles/blink.dir/home/shem/.pico-sdk/sdk/2.0.0/src/common/pico_util/pheap.c.obj
LOAD CMakeFiles/blink.dir/home/shem/.pico-sdk/sdk/2.0.0/src/common/pico_util/queue.c.obj
LOAD CMakeFiles/blink.dir/home/shem/.pico-sdk/sdk/2.0.0/src/rp2_common/hardware_uart/uart.c.obj
LOAD CMakeFiles/blink.dir/home/shem/.pico-sdk/sdk/2.0.0/src/rp2_common/hardware_clocks/clocks.c.obj
LOAD CMakeFiles/blink.dir/home/shem/.pico-sdk/sdk/2.0.0/src/rp2_common/hardware_pll/pll.c.obj
LOAD CMakeFiles/blink.dir/home/shem/.pico-sdk/sdk/2.0.0/src/rp2_common/hardware_vreg/vreg.c.obj
LOAD CMakeFiles/blink.dir/home/shem/.pico-sdk/sdk/2.0.0/src/rp2_common/hardware_watchdog/watchdog.c.obj
LOAD CMakeFiles/blink.dir/home/shem/.pico-sdk/sdk/2.0.0/src/rp2_common/hardware_ticks/ticks.c.obj
LOAD CMakeFiles/blink.dir/home/shem/.pico-sdk/sdk/2.0.0/src/rp2_common/hardware_xosc/xosc.c.obj
LOAD CMakeFiles/blink.dir/home/shem/.pico-sdk/sdk/2.0.0/src/rp2_common/hardware_divider/divider.S.obj
LOAD CMakeFiles/blink.dir/home/shem/.pico-sdk/sdk/2.0.0/src/rp2_common/pico_runtime/runtime.c.obj
LOAD CMakeFiles/blink.dir/home/shem/.pico-sdk/sdk/2.0.0/src/rp2_common/pico_runtime_init/runtime_init.c.obj
LOAD CMakeFiles/blink.dir/home/shem/.pico-sdk/sdk/2.0.0/src/rp2_common/pico_runtime_init/runtime_init_clocks.c.obj
LOAD CMakeFiles/blink.dir/home/shem/.pico-sdk/sdk/2.0.0/src/rp2_common/pico_runtime_init/runtime_init_stack_guard.c.obj
LOAD CMakeFiles/blink.dir/home/shem/.pico-sdk/sdk/2.0.0/src/rp2_common/pico_bit_ops/bit_ops_aeabi.S.obj
LOAD CMakeFiles/blink.dir/home/shem/.pico-sdk/sdk/2.0.0/src/rp2_common/pico_bootrom/bootrom.c.obj
LOAD CMakeFiles/blink.dir/home/shem/.pico-sdk/sdk/2.0.0/src/rp2_common/pico_bootrom/bootrom_lock.c.obj
LOAD CMakeFiles/blink.dir/home/shem/.pico-sdk/sdk/2.0.0/src/rp2_common/hardware_boot_lock/boot_lock.c.obj
LOAD CMakeFiles/blink.dir/home/shem/.pico-sdk/sdk/2.0.0/src/rp2_common/pico_divider/divider_hardware.S.obj
LOAD CMakeFiles/blink.dir/home/shem/.pico-sdk/sdk/2.0.0/src/rp2_common/pico_double/double_aeabi_rp2040.S.obj
LOAD CMakeFiles/blink.dir/home/shem/.pico-sdk/sdk/2.0.0/src/rp2_common/pico_double/double_init_rom_rp2040.c.obj
LOAD CMakeFiles/blink.dir/home/shem/.pico-sdk/sdk/2.0.0/src/rp2_common/pico_double/double_math.c.obj
LOAD CMakeFiles/blink.dir/home/shem/.pico-sdk/sdk/2.0.0/src/rp2_common/pico_double/double_v1_rom_shim_rp2040.S.obj
LOAD CMakeFiles/blink.dir/home/shem/.pico-sdk/sdk/2.0.0/src/rp2_common/pico_int64_ops/pico_int64_ops_aeabi.S.obj
LOAD CMakeFiles/blink.dir/home/shem/.pico-sdk/sdk/2.0.0/src/rp2_common/pico_float/float_aeabi_rp2040.S.obj
LOAD CMakeFiles/blink.dir/home/shem/.pico-sdk/sdk/2.0.0/src/rp2_common/pico_float/float_init_rom_rp2040.c.obj
LOAD CMakeFiles/blink.dir/home/shem/.pico-sdk/sdk/2.0.0/src/rp2_common/pico_float/float_math.c.obj
LOAD CMakeFiles/blink.dir/home/shem/.pico-sdk/sdk/2.0.0/src/rp2_common/pico_float/float_v1_rom_shim_rp2040.S.obj
LOAD CMakeFiles/blink.dir/home/shem/.pico-sdk/sdk/2.0.0/src/rp2_common/pico_malloc/malloc.c.obj
LOAD CMakeFiles/blink.dir/home/shem/.pico-sdk/sdk/2.0.0/src/rp2_common/pico_mem_ops/mem_ops_aeabi.S.obj
LOAD CMakeFiles/blink.dir/home/shem/.pico-sdk/sdk/2.0.0/src/rp2_common/pico_atomic/atomic.c.obj
LOAD CMakeFiles/blink.dir/home/shem/.pico-sdk/sdk/2.0.0/src/rp2_common/pico_cxx_options/new_delete.cpp.obj
LOAD CMakeFiles/blink.dir/home/shem/.pico-sdk/sdk/2.0.0/src/rp2_common/pico_standard_binary_info/standard_binary_info.c.obj
LOAD CMakeFiles/blink.dir/home/shem/.pico-sdk/sdk/2.0.0/src/rp2_common/pico_printf/printf.c.obj
LOAD CMakeFiles/blink.dir/home/shem/.pico-sdk/sdk/2.0.0/src/rp2_common/pico_crt0/crt0.S.obj
LOAD CMakeFiles/blink.dir/home/shem/.pico-sdk/sdk/2.0.0/src/rp2_common/pico_clib_interface/newlib_interface.c.obj
LOAD CMakeFiles/blink.dir/home/shem/.pico-sdk/sdk/2.0.0/src/rp2_common/pico_stdio/stdio.c.obj
LOAD CMakeFiles/blink.dir/home/shem/.pico-sdk/sdk/2.0.0/src/rp2_common/pico_stdio_uart/stdio_uart.c.obj
LOAD CMakeFiles/blink.dir/home/shem/.pico-sdk/sdk/2.0.0/src/rp2_common/pico_cyw43_arch/cyw43_arch.c.obj
LOAD CMakeFiles/blink.dir/home/shem/.pico-sdk/sdk/2.0.0/src/rp2_common/pico_cyw43_arch/cyw43_arch_poll.c.obj
LOAD CMakeFiles/blink.dir/home/shem/.pico-sdk/sdk/2.0.0/src/rp2_common/pico_cyw43_arch/cyw43_arch_threadsafe_background.c.obj
LOAD CMakeFiles/blink.dir/home/shem/.pico-sdk/sdk/2.0.0/src/rp2_common/pico_cyw43_arch/cyw43_arch_freertos.c.obj
LOAD CMakeFiles/blink.dir/home/shem/.pico-sdk/sdk/2.0.0/src/rp2_common/pico_unique_id/unique_id.c.obj
LOAD CMakeFiles/blink.dir/home/shem/.pico-sdk/sdk/2.0.0/src/rp2_common/hardware_flash/flash.c.obj
LOAD CMakeFiles/blink.dir/home/shem/.pico-sdk/sdk/2.0.0/src/rp2_common/pico_cyw43_driver/cyw43_bus_pio_spi.c.obj
LOAD CMakeFiles/blink.dir/home/shem/.pico-sdk/sdk/2.0.0/lib/cyw43-driver/src/cyw43_ll.c.obj
LOAD CMakeFiles/blink.dir/home/shem/.pico-sdk/sdk/2.0.0/lib/cyw43-driver/src/cyw43_stats.c.obj
LOAD CMakeFiles/blink.dir/home/shem/.pico-sdk/sdk/2.0.0/lib/cyw43-driver/src/cyw43_lwip.c.obj
LOAD CMakeFiles/blink.dir/home/shem/.pico-sdk/sdk/2.0.0/lib/cyw43-driver/src/cyw43_ctrl.c.obj
LOAD CMakeFiles/blink.dir/home/shem/.pico-sdk/sdk/2.0.0/src/rp2_common/pico_cyw43_driver/cybt_shared_bus/cybt_shared_bus.c.obj
LOAD CMakeFiles/blink.dir/home/shem/.pico-sdk/sdk/2.0.0/src/rp2_common/pico_cyw43_driver/cybt_shared_bus/cybt_shared_bus_driver.c.obj
LOAD CMakeFiles/blink.dir/home/shem/.pico-sdk/sdk/2.0.0/src/rp2_common/hardware_pio/pio.c.obj
LOAD CMakeFiles/blink.dir/home/shem/.pico-sdk/sdk/2.0.0/src/rp2_common/hardware_dma/dma.c.obj
LOAD CMakeFiles/blink.dir/home/shem/.pico-sdk/sdk/2.0.0/src/rp2_common/hardware_exception/exception.c.obj
LOAD CMakeFiles/blink.dir/home/shem/.pico-sdk/sdk/2.0.0/src/rp2_common/pico_cyw43_driver/cyw43_driver.c.obj
LOAD CMakeFiles/blink.dir/home/shem/.pico-sdk/sdk/2.0.0/src/rp2_common/pico_async_context/async_context_threadsafe_background.c.obj
LOAD CMakeFiles/blink.dir/home/shem/.pico-sdk/sdk/2.0.0/src/rp2_common/pico_async_context/async_context_base.c.obj
LOAD /tmp/ccObKkCj.o
LOAD /home/shem/.pico-sdk/toolchain/13_2_Rel1/bin/../lib/gcc/arm-none-eabi/13.2.1/../../../../arm-none-eabi/lib/thumb/v6-m/nofp/libstdc++.a
LOAD /home/shem/.pico-sdk/toolchain/13_2_Rel1/bin/../lib/gcc/arm-none-eabi/13.2.1/../../../../arm-none-eabi/lib/thumb/v6-m/nofp/libm.a
START GROUP
LOAD /home/shem/.pico-sdk/toolchain/13_2_Rel1/bin/../lib/gcc/arm-none-eabi/13.2.1/thumb/v6-m/nofp/libgcc.a
LOAD /home/shem/.pico-sdk/toolchain/13_2_Rel1/bin/../lib/gcc/arm-none-eabi/13.2.1/../../../../arm-none-eabi/lib/thumb/v6-m/nofp/libg.a
LOAD /home/shem/.pico-sdk/toolchain/13_2_Rel1/bin/../lib/gcc/arm-none-eabi/13.2.1/../../../../arm-none-eabi/lib/thumb/v6-m/nofp/libc.a
END GROUP
START GROUP
LOAD /home/shem/.pico-sdk/toolchain/13_2_Rel1/bin/../lib/gcc/arm-none-eabi/13.2.1/thumb/v6-m/nofp/libgcc.a
LOAD /home/shem/.pico-sdk/toolchain/13_2_Rel1/bin/../lib/gcc/arm-none-eabi/13.2.1/../../../../arm-none-eabi/lib/thumb/v6-m/nofp/libc.a
LOAD /home/shem/.pico-sdk/toolchain/13_2_Rel1/bin/../lib/gcc/arm-none-eabi/13.2.1/../../../../arm-none-eabi/lib/thumb/v6-m/nofp/libnosys.a
END GROUP
LOAD /home/shem/.pico-sdk/toolchain/13_2_Rel1/bin/../lib/gcc/arm-none-eabi/13.2.1/thumb/v6-m/nofp/crtend.o
LOAD /home/shem/.pico-sdk/toolchain/13_2_Rel1/bin/../lib/gcc/arm-none-eabi/13.2.1/thumb/v6-m/nofp/crtn.o
OUTPUT(blink.elf elf32-littlearm)
LOAD linker stubs

.ARM.attributes
                0x00000000       0x28
 .ARM.attributes
                0x00000000       0x1e /home/shem/.pico-sdk/toolchain/13_2_Rel1/bin/../lib/gcc/arm-none-eabi/13.2.1/thumb/v6-m/nofp/crti.o
 .ARM.attributes
                0x0000001e       0x2c /home/shem/.pico-sdk/toolchain/13_2_Rel1/bin/../lib/gcc/arm-none-eabi/13.2.1/thumb/v6-m/nofp/crtbegin.o
 .ARM.attributes
                0x0000004a       0x2c CMakeFiles/blink.dir/blink.c.obj
 .ARM.attributes
                0x00000076       0x2c CMakeFiles/blink.dir/home/shem/.pico-sdk/sdk/2.0.0/src/rp2_common/hardware_gpio/gpio.c.obj
 .ARM.attributes
                0x000000a2       0x2c CMakeFiles/blink.dir/home/shem/.pico-sdk/sdk/2.0.0/src/rp2_common/pico_platform_panic/panic.c.obj
 .ARM.attributes
                0x000000ce       0x2c CMakeFiles/blink.dir/home/shem/.pico-sdk/sdk/2.0.0/src/common/hardware_claim/claim.c.obj
 .ARM.attributes
                0x000000fa       0x2c CMakeFiles/blink.dir/home/shem/.pico-sdk/sdk/2.0.0/src/rp2_common/hardware_sync/sync.c.obj
 .ARM.attributes
                0x00000126       0x2c CMakeFiles/blink.dir/home/shem/.pico-sdk/sdk/2.0.0/src/rp2_common/hardware_sync_spin_lock/sync_spin_lock.c.obj
 .ARM.attributes
                0x00000152       0x2c CMakeFiles/blink.dir/home/shem/.pico-sdk/sdk/2.0.0/src/rp2_common/hardware_irq/irq.c.obj
 .ARM.attributes
                0x0000017e       0x22 CMakeFiles/blink.dir/home/shem/.pico-sdk/sdk/2.0.0/src/rp2_common/hardware_irq/irq_handler_chain.S.obj
 .ARM.attributes
                0x000001a0       0x2c CMakeFiles/blink.dir/home/shem/.pico-sdk/sdk/2.0.0/src/common/pico_sync/sem.c.obj
 .ARM.attributes
                0x000001cc       0x2c CMakeFiles/blink.dir/home/shem/.pico-sdk/sdk/2.0.0/src/common/pico_sync/lock_core.c.obj
 .ARM.attributes
                0x000001f8       0x2c CMakeFiles/blink.dir/home/shem/.pico-sdk/sdk/2.0.0/src/common/pico_sync/mutex.c.obj
 .ARM.attributes
                0x00000224       0x2c CMakeFiles/blink.dir/home/shem/.pico-sdk/sdk/2.0.0/src/common/pico_time/time.c.obj
 .ARM.attributes
                0x00000250       0x2c CMakeFiles/blink.dir/home/shem/.pico-sdk/sdk/2.0.0/src/rp2_common/hardware_timer/timer.c.obj
 .ARM.attributes
                0x0000027c       0x2c CMakeFiles/blink.dir/home/shem/.pico-sdk/sdk/2.0.0/src/rp2_common/hardware_clocks/clocks.c.obj
 .ARM.attributes
                0x000002a8       0x2c CMakeFiles/blink.dir/home/shem/.pico-sdk/sdk/2.0.0/src/rp2_common/hardware_pll/pll.c.obj
 .ARM.attributes